###############################################################################
#
# IAR ELF Linker V8.11.1.13263/W32 for ARM                17/Apr/2017  16:37:10
# Copyright 2007-2017 IAR Systems AB.
#
#    Output file  =  
#        D:\development\stm32\src_code\en.stm32cubef1\STM32Cube_FW_F1_V1.4.0\Projects\STM32C8T6_wkxboot\app\freertos\FreeRTOS_multi_task\EWARM\STM3210C_EVAL\Exe\Project.out
#    Map file     =  
#        D:\development\stm32\src_code\en.stm32cubef1\STM32Cube_FW_F1_V1.4.0\Projects\STM32C8T6_wkxboot\app\freertos\FreeRTOS_multi_task\EWARM\STM3210C_EVAL\List\Project.map
#    Command line =  
#        -f C:\Users\wkxbo\AppData\Local\Temp\EWE326.tmp
#        (D:\development\stm32\src_code\en.stm32cubef1\STM32Cube_FW_F1_V1.4.0\Projects\STM32C8T6_wkxboot\app\freertos\FreeRTOS_multi_task\EWARM\STM3210C_EVAL\Obj\cmsis_os.o
#        D:\development\stm32\src_code\en.stm32cubef1\STM32Cube_FW_F1_V1.4.0\Projects\STM32C8T6_wkxboot\app\freertos\FreeRTOS_multi_task\EWARM\STM3210C_EVAL\Obj\heap_4.o
#        D:\development\stm32\src_code\en.stm32cubef1\STM32Cube_FW_F1_V1.4.0\Projects\STM32C8T6_wkxboot\app\freertos\FreeRTOS_multi_task\EWARM\STM3210C_EVAL\Obj\list.o
#        D:\development\stm32\src_code\en.stm32cubef1\STM32Cube_FW_F1_V1.4.0\Projects\STM32C8T6_wkxboot\app\freertos\FreeRTOS_multi_task\EWARM\STM3210C_EVAL\Obj\main.o
#        D:\development\stm32\src_code\en.stm32cubef1\STM32Cube_FW_F1_V1.4.0\Projects\STM32C8T6_wkxboot\app\freertos\FreeRTOS_multi_task\EWARM\STM3210C_EVAL\Obj\port.o
#        D:\development\stm32\src_code\en.stm32cubef1\STM32Cube_FW_F1_V1.4.0\Projects\STM32C8T6_wkxboot\app\freertos\FreeRTOS_multi_task\EWARM\STM3210C_EVAL\Obj\portasm.o
#        D:\development\stm32\src_code\en.stm32cubef1\STM32Cube_FW_F1_V1.4.0\Projects\STM32C8T6_wkxboot\app\freertos\FreeRTOS_multi_task\EWARM\STM3210C_EVAL\Obj\queue.o
#        D:\development\stm32\src_code\en.stm32cubef1\STM32Cube_FW_F1_V1.4.0\Projects\STM32C8T6_wkxboot\app\freertos\FreeRTOS_multi_task\EWARM\STM3210C_EVAL\Obj\startup_stm32f103xb.o
#        D:\development\stm32\src_code\en.stm32cubef1\STM32Cube_FW_F1_V1.4.0\Projects\STM32C8T6_wkxboot\app\freertos\FreeRTOS_multi_task\EWARM\STM3210C_EVAL\Obj\stm3210c_wkxboot.o
#        D:\development\stm32\src_code\en.stm32cubef1\STM32Cube_FW_F1_V1.4.0\Projects\STM32C8T6_wkxboot\app\freertos\FreeRTOS_multi_task\EWARM\STM3210C_EVAL\Obj\stm32f1xx_hal.o
#        D:\development\stm32\src_code\en.stm32cubef1\STM32Cube_FW_F1_V1.4.0\Projects\STM32C8T6_wkxboot\app\freertos\FreeRTOS_multi_task\EWARM\STM3210C_EVAL\Obj\stm32f1xx_hal_cortex.o
#        D:\development\stm32\src_code\en.stm32cubef1\STM32Cube_FW_F1_V1.4.0\Projects\STM32C8T6_wkxboot\app\freertos\FreeRTOS_multi_task\EWARM\STM3210C_EVAL\Obj\stm32f1xx_hal_dma.o
#        D:\development\stm32\src_code\en.stm32cubef1\STM32Cube_FW_F1_V1.4.0\Projects\STM32C8T6_wkxboot\app\freertos\FreeRTOS_multi_task\EWARM\STM3210C_EVAL\Obj\stm32f1xx_hal_gpio.o
#        D:\development\stm32\src_code\en.stm32cubef1\STM32Cube_FW_F1_V1.4.0\Projects\STM32C8T6_wkxboot\app\freertos\FreeRTOS_multi_task\EWARM\STM3210C_EVAL\Obj\stm32f1xx_hal_msp.o
#        D:\development\stm32\src_code\en.stm32cubef1\STM32Cube_FW_F1_V1.4.0\Projects\STM32C8T6_wkxboot\app\freertos\FreeRTOS_multi_task\EWARM\STM3210C_EVAL\Obj\stm32f1xx_hal_rcc.o
#        D:\development\stm32\src_code\en.stm32cubef1\STM32Cube_FW_F1_V1.4.0\Projects\STM32C8T6_wkxboot\app\freertos\FreeRTOS_multi_task\EWARM\STM3210C_EVAL\Obj\stm32f1xx_hal_rcc_ex.o
#        D:\development\stm32\src_code\en.stm32cubef1\STM32Cube_FW_F1_V1.4.0\Projects\STM32C8T6_wkxboot\app\freertos\FreeRTOS_multi_task\EWARM\STM3210C_EVAL\Obj\stm32f1xx_hal_uart.o
#        D:\development\stm32\src_code\en.stm32cubef1\STM32Cube_FW_F1_V1.4.0\Projects\STM32C8T6_wkxboot\app\freertos\FreeRTOS_multi_task\EWARM\STM3210C_EVAL\Obj\stm32f1xx_it.o
#        D:\development\stm32\src_code\en.stm32cubef1\STM32Cube_FW_F1_V1.4.0\Projects\STM32C8T6_wkxboot\app\freertos\FreeRTOS_multi_task\EWARM\STM3210C_EVAL\Obj\system_stm32f1xx.o
#        D:\development\stm32\src_code\en.stm32cubef1\STM32Cube_FW_F1_V1.4.0\Projects\STM32C8T6_wkxboot\app\freertos\FreeRTOS_multi_task\EWARM\STM3210C_EVAL\Obj\tasks.o
#        D:\development\stm32\src_code\en.stm32cubef1\STM32Cube_FW_F1_V1.4.0\Projects\STM32C8T6_wkxboot\app\freertos\FreeRTOS_multi_task\EWARM\STM3210C_EVAL\Obj\timers.o
#        --redirect _Printf=_PrintfSmall --redirect _Scanf=_ScanfSmall -o
#        D:\development\stm32\src_code\en.stm32cubef1\STM32Cube_FW_F1_V1.4.0\Projects\STM32C8T6_wkxboot\app\freertos\FreeRTOS_multi_task\EWARM\STM3210C_EVAL\Exe\Project.out
#        --map
#        D:\development\stm32\src_code\en.stm32cubef1\STM32Cube_FW_F1_V1.4.0\Projects\STM32C8T6_wkxboot\app\freertos\FreeRTOS_multi_task\EWARM\STM3210C_EVAL\List\Project.map
#        --config
#        D:\development\stm32\src_code\en.stm32cubef1\STM32Cube_FW_F1_V1.4.0\Projects\STM32C8T6_wkxboot\app\freertos\FreeRTOS_multi_task\EWARM\stm32f107xc_flash.icf
#        --semihosting --entry __iar_program_start --vfe --text_out locale)
#
###############################################################################

*******************************************************************************
*** RUNTIME MODEL ATTRIBUTES
***

CppFlavor       = *
__SystemLibrary = DLib
__dlib_version  = 6


*******************************************************************************
*** HEAP SELECTION
***

The basic heap was selected because no calls to memory allocation
functions were found in the application outside of system library
functions, and there are calls to deallocation functions in the
application.


*******************************************************************************
*** PLACEMENT SUMMARY
***

"A0":  place at 0x08000000 { ro section .intvec };
"P1":  place in [from 0x08000000 to 0x0803ffff] { ro };
"P2":  place in [from 0x20000000 to 0x2000ffff] { rw, block CSTACK, block HEAP };
initialize by copy { rw };

  Section            Kind        Address    Size  Object
  -------            ----        -------    ----  ------
"A0":                                       0xec
  .intvec            ro code  0x08000000    0xec  startup_stm32f103xb.o [1]
                            - 0x080000ec    0xec

"P1":                                     0x3828
  .text              ro code  0x080000ec  0x2d1c  cmsis_os.o [1]
  CODE               ro code  0x08002e08    0x94  portasm.o [1]
  .text              ro code  0x08002e9c    0x28  printf.o [3]
  .text              ro code  0x08002ec4    0xa6  ABImemcpy.o [4]
  .text              ro code  0x08002f6c    0x36  strlen.o [4]
  .text              ro code  0x08002fa4     0x6  ABImemclr4.o [4]
  .text              ro code  0x08002faa    0x24  cmsis_os.o [1]
  .text              ro code  0x08002fce     0x2  cmsis_os.o [1]
  .text              ro code  0x08002fd0     0xc  cmsis_os.o [1]
  .text              ro code  0x08002fdc    0x18  cmsis_os.o [1]
  .text              ro code  0x08002ff4     0x2  cmsis_os.o [1]
  .text              ro code  0x08002ff6     0x2  cmsis_os.o [1]
  .text              ro code  0x08002ff8     0x2  cmsis_os.o [1]
  .text              ro code  0x08002ffc    0x10  cmsis_os.o [1]
  .text              ro code  0x0800300c    0x3a  ABImemset48.o [4]
  .text              ro code  0x08003048   0x518  xprintfsmall.o [3]
  .text              ro code  0x08003560    0x64  xlocale_c.o [3]
  .text              ro code  0x080035c4    0x16  strchr.o [4]
  .text              ro code  0x080035dc    0x44  xfail_s.o [3]
  .text              ro code  0x08003620    0x58  memchr.o [4]
  .text              ro code  0x08003678     0x6  abort.o [3]
  .text              ro code  0x08003680    0x14  exit.o [5]
  .rodata            const    0x08003694    0x44  cmsis_os.o [1]
  .text              ro code  0x080036d8    0x40  zero_init3.o [4]
  .text              ro code  0x08003718    0x38  packbits_init_single.o [4]
  .text              ro code  0x08003750    0x28  data_init.o [4]
  .iar.init_table    const    0x08003778    0x20  - Linker created -
  .text              ro code  0x08003798    0x1a  cmain.o [4]
  .text              ro code  0x080037b2     0x4  low_level_init.o [3]
  .text              ro code  0x080037b6     0x4  exit.o [3]
  .text              ro code  0x080037bc     0xa  cexit.o [4]
  .text              ro code  0x080037c6    0x16  xprout.o [3]
  .text              ro code  0x080037dc     0xc  putchar.o [3]
  .text              ro code  0x080037e8    0x10  startup_stm32f103xb.o [1]
  .text              ro code  0x080037f8     0xc  cstartup_M.o [4]
  .text              ro code  0x08003804     0xc  xencoding_8859_1.o [3]
  .text              ro code  0x08003810     0x4  startup_stm32f103xb.o [1]
  .text              ro code  0x08003814     0x4  startup_stm32f103xb.o [1]
  .text              ro code  0x08003818     0x4  startup_stm32f103xb.o [1]
  .text              ro code  0x0800381c     0x4  startup_stm32f103xb.o [1]
  .text              ro code  0x08003820     0x4  startup_stm32f103xb.o [1]
  .text              ro code  0x08003824     0x4  startup_stm32f103xb.o [1]
  .text              ro code  0x08003828     0x4  startup_stm32f103xb.o [1]
  .text              ro code  0x0800382c     0x4  startup_stm32f103xb.o [1]
  .text              ro code  0x08003830     0x4  startup_stm32f103xb.o [1]
  .text              ro code  0x08003834     0x4  startup_stm32f103xb.o [1]
  .text              ro code  0x08003838     0x4  startup_stm32f103xb.o [1]
  .text              ro code  0x0800383c     0x4  startup_stm32f103xb.o [1]
  .text              ro code  0x08003840     0x4  startup_stm32f103xb.o [1]
  .text              ro code  0x08003844     0x4  startup_stm32f103xb.o [1]
  .text              ro code  0x08003848     0x4  startup_stm32f103xb.o [1]
  .text              ro code  0x0800384c     0x4  startup_stm32f103xb.o [1]
  .text              ro code  0x08003850     0x4  startup_stm32f103xb.o [1]
  .text              ro code  0x08003854     0x4  startup_stm32f103xb.o [1]
  .text              ro code  0x08003858     0x4  startup_stm32f103xb.o [1]
  .text              ro code  0x0800385c     0x4  startup_stm32f103xb.o [1]
  .text              ro code  0x08003860     0x4  startup_stm32f103xb.o [1]
  .text              ro code  0x08003864     0x4  startup_stm32f103xb.o [1]
  .text              ro code  0x08003868     0x4  startup_stm32f103xb.o [1]
  .text              ro code  0x0800386c     0x4  startup_stm32f103xb.o [1]
  .text              ro code  0x08003870     0x4  startup_stm32f103xb.o [1]
  .text              ro code  0x08003874     0x4  startup_stm32f103xb.o [1]
  .text              ro code  0x08003878     0x4  startup_stm32f103xb.o [1]
  .text              ro code  0x0800387c     0x4  startup_stm32f103xb.o [1]
  .text              ro code  0x08003880     0x4  startup_stm32f103xb.o [1]
  .text              ro code  0x08003884     0x4  startup_stm32f103xb.o [1]
  .text              ro code  0x08003888     0x4  startup_stm32f103xb.o [1]
  .text              ro code  0x0800388c     0x4  startup_stm32f103xb.o [1]
  .text              ro code  0x08003890     0x4  startup_stm32f103xb.o [1]
  .text              ro code  0x08003894     0x4  startup_stm32f103xb.o [1]
  .text              ro code  0x08003898     0x4  startup_stm32f103xb.o [1]
  .text              ro code  0x0800389c     0x4  startup_stm32f103xb.o [1]
  .text              ro code  0x080038a0     0x4  startup_stm32f103xb.o [1]
  .text              ro code  0x080038a4     0x4  startup_stm32f103xb.o [1]
  .text              ro code  0x080038a8     0x4  startup_stm32f103xb.o [1]
  .text              ro code  0x080038ac     0x4  startup_stm32f103xb.o [1]
  .rodata            const    0x080038b0     0x2  xlocale_c.o [3]
  .rodata            const    0x080038b2     0x0  zero_init3.o [4]
  .rodata            const    0x080038b2     0x0  packbits_init_single.o [4]
  Initializer bytes  const    0x080038b2    0x62  <for P2-1>
                            - 0x08003914  0x3828

"P2", part 1 of 3:                         0x18c
  P2-1                        0x20000000   0x18c  <Init block>
    .data            inited   0x20000000    0x80  cmsis_os.o [1]
    .data            inited   0x20000080    0x60  cmsis_os.o [1]
    .data            inited   0x200000e0     0xc  cmsis_os.o [1]
    .data            inited   0x200000ec    0x10  cmsis_os.o [1]
    .data            inited   0x200000fc    0x48  xlocale_c.o [3]
    .data            inited   0x20000144    0x48  xfiles.o [3]
                            - 0x2000018c   0x18c

"P2", part 2 of 3:                         0x400
  CSTACK                      0x20000190   0x400  <Block>
    CSTACK           uninit   0x20000190   0x400  <Block tail>
                            - 0x20000590   0x400

"P2", part 3 of 3:                        0x2998
  .bss               zero     0x20000590  0x2818  cmsis_os.o [1]
  .bss               zero     0x20002da8    0x9c  cmsis_os.o [1]
  .bss               zero     0x20002e44    0x8c  cmsis_os.o [1]
  .bss               zero     0x20002ed0    0x50  xfiles.o [3]
  .bss               zero     0x20002f20     0x4  cmsis_os.o [1]
  .bss               zero     0x20002f24     0x4  xfail_s.o [3]
                            - 0x20002f28  0x2998


*******************************************************************************
*** INIT TABLE
***

          Address     Size
          -------     ----
Zero (__iar_zero_init3)
    1 destination range, total size 0x2998:
          0x20000590  0x2998

Copy/packbits (__iar_packbits_init_single3)
    1 source range, total size 0x62 (24% of destination):
          0x080038b2    0x62
    1 destination range, total size 0x18c:
          0x20000000   0x18c



*******************************************************************************
*** MODULE SUMMARY
***

    Module                  ro code  ro data  rw data
    ------                  -------  -------  -------
D:\development\stm32\src_code\en.stm32cubef1\STM32Cube_FW_F1_V1.4.0\Projects\STM32C8T6_wkxboot\app\freertos\FreeRTOS_multi_task\EWARM\STM3210C_EVAL\Obj: [1]
    cmsis_os.o               11 644      130   10 816
    portasm.o                   148
    startup_stm32f103xb.o       412
    -------------------------------------------------
    Total:                   12 204      130   10 816

command line: [2]
    -------------------------------------------------
    Total:

dl7M_tlf.a: [3]
    abort.o                       6
    exit.o                        4
    low_level_init.o              4
    printf.o                     40
    putchar.o                    12
    xencoding_8859_1.o           12
    xfail_s.o                    68                 4
    xfiles.o                              18      152
    xlocale_c.o                 100       20       72
    xprintfsmall.o            1 304
    xprout.o                     22
    -------------------------------------------------
    Total:                    1 572       38      228

rt7M_tl.a: [4]
    ABImemclr4.o                  6
    ABImemcpy.o                 166
    ABImemset48.o                58
    cexit.o                      10
    cmain.o                      26
    cstartup_M.o                 12
    data_init.o                  40
    memchr.o                     88
    packbits_init_single.o       56
    strchr.o                     22
    strlen.o                     54
    zero_init3.o                 64
    -------------------------------------------------
    Total:                      602

shb_l.a: [5]
    exit.o                       20
    -------------------------------------------------
    Total:                       20

    Gaps                         14
    Linker created                        32    1 024
-----------------------------------------------------
    Grand Total:             14 412      200   12 068


*******************************************************************************
*** ENTRY LIST
***

Entry                      Address   Size  Type      Object
-----                      -------   ----  ----      ------
.iar.init_table$$Base   0x08003778          --   Gb  - Linker created -
.iar.init_table$$Limit  0x08003798          --   Gb  - Linker created -
?main                   0x08003799         Code  Gb  cmain.o [4]
AHBPrescTable           0x080025f4   0x10  Data  Gb  cmsis_os.o [1]
APBPrescTable           0x08001dcc    0x8  Data  Gb  cmsis_os.o [1]
BSP_LED_Init            0x080010d1   0xb0  Code  Gb  cmsis_os.o [1]
BSP_LED_Off             0x08001197   0x16  Code  Gb  cmsis_os.o [1]
BSP_LED_On              0x08001181   0x16  Code  Gb  cmsis_os.o [1]
BusFault_Handler        0x08002585    0x2  Code  Gb  cmsis_os.o [1]
CSTACK$$Base            0x20000190          --   Gb  - Linker created -
CSTACK$$Limit           0x20000590          --   Gb  - Linker created -
CacheMore               0x08003561   0x24  Code  Lc  xlocale_c.o [3]
DMA1_Channel6_IRQHandler
                        0x080025a3    0xa  Code  Gb  cmsis_os.o [1]
DMA1_Channel7_IRQHandler
                        0x08002599    0xa  Code  Gb  cmsis_os.o [1]
DebugMon_Handler        0x08002589    0x2  Code  Gb  cmsis_os.o [1]
HAL_DMA_IRQHandler      0x08001381  0x2a8  Code  Gb  cmsis_os.o [1]
HAL_DMA_Init            0x080012d1   0x50  Code  Gb  cmsis_os.o [1]
HAL_DMA_Start_IT        0x08001321   0x58  Code  Gb  cmsis_os.o [1]
HAL_GPIO_Init           0x08001655  0x19a  Code  Gb  cmsis_os.o [1]
HAL_GPIO_WritePin       0x080017fd    0xe  Code  Gb  cmsis_os.o [1]
HAL_Init                0x080011c5   0x22  Code  Gb  cmsis_os.o [1]
HAL_NVIC_EnableIRQ      0x080012cd    0x2  Code  Gb  cmsis_os.o [1]
HAL_NVIC_SetPriority    0x080012af   0x1e  Code  Gb  cmsis_os.o [1]
HAL_NVIC_SetPriorityGrouping
                        0x080012ad    0x2  Code  Gb  cmsis_os.o [1]
HAL_RCC_ClockConfig     0x08001bef  0x156  Code  Gb  cmsis_os.o [1]
HAL_RCC_GetHCLKFreq     0x08001d97    0x6  Code  Gb  cmsis_os.o [1]
HAL_RCC_GetPCLK1Freq    0x08001d9d   0x18  Code  Gb  cmsis_os.o [1]
HAL_RCC_GetPCLK2Freq    0x08001db5   0x18  Code  Gb  cmsis_os.o [1]
HAL_RCC_GetSysClockFreq
                        0x08001d45   0x3e  Code  Gb  cmsis_os.o [1]
HAL_RCC_GetSysClockFreq::aPLLMULFactorTable
                        0x08001d84   0x10  Data  Lc  cmsis_os.o [1]
HAL_RCC_GetSysClockFreq::aPredivFactorTable
                        0x08001d94    0x2  Data  Lc  cmsis_os.o [1]
HAL_RCC_OscConfig       0x0800189d  0x352  Code  Gb  cmsis_os.o [1]
HAL_SYSTICK_Config      0x080012cf    0x2  Code  Gb  cmsis_os.o [1]
HAL_UART_IRQHandler     0x080020a5   0xf2  Code  Gb  cmsis_os.o [1]
HAL_UART_Init           0x08001e31   0x5c  Code  Gb  cmsis_os.o [1]
HAL_UART_MspInit        0x08001811   0x6e  Code  Gb  cmsis_os.o [1]
HAL_UART_Receive_DMA    0x0800202b   0x7a  Code  Gb  cmsis_os.o [1]
HAL_UART_RxCpltCallback
                        0x080008d1    0xc  Code  Gb  cmsis_os.o [1]
HAL_UART_Transmit       0x08001e8d   0xc4  Code  Gb  cmsis_os.o [1]
HAL_UART_Transmit_DMA   0x08001fa9   0x82  Code  Gb  cmsis_os.o [1]
HAL_UART_Transmit_IT    0x08001f51   0x58  Code  Gb  cmsis_os.o [1]
HAL_UART_TxCpltCallback
                        0x080008dd   0x16  Code  Gb  cmsis_os.o [1]
HardFault_Handler       0x08002581    0x2  Code  Gb  cmsis_os.o [1]
LEDThread1Handle        0x20000070    0x4  Data  Gb  cmsis_os.o [1]
LED_PIN                 0x080011ac    0x8  Data  Gb  cmsis_os.o [1]
LED_PORT                0x200000ec   0x10  Data  Gb  cmsis_os.o [1]
LoadInt                 0x080032a7   0x56  Code  Lc  xprintfsmall.o [3]
MemManage_Handler       0x08002583    0x2  Code  Gb  cmsis_os.o [1]
NMI_Handler             0x0800257f    0x2  Code  Gb  cmsis_os.o [1]
PendSV_Handler          0x08002e09         Code  Gb  portasm.o [1]
Region$$Table$$Base     0x08003778          --   Gb  - Linker created -
Region$$Table$$Limit    0x08003798          --   Gb  - Linker created -
SVC_Handler             0x08002e5b         Code  Gb  portasm.o [1]
SysTick_Handler         0x0800258b    0xe  Code  Gb  cmsis_os.o [1]
SystemClock_Config      0x08000871   0x60  Code  Gb  cmsis_os.o [1]
SystemCoreClock         0x2000007c    0x4  Data  Gb  cmsis_os.o [1]
SystemInit              0x080025b3   0x42  Code  Gb  cmsis_os.o [1]
USART2_IRQHandler       0x080025ad    0x6  Code  Gb  cmsis_os.o [1]
UartHandle              0x20000080   0x40  Data  Gb  cmsis_os.o [1]
UsageFault_Handler      0x08002587    0x2  Code  Gb  cmsis_os.o [1]
_Encoding_8859_1_Mbrlen
                        0x08003805    0x2  Code  Gb  xencoding_8859_1.o [3]
_LitobSmall             0x08003439   0xce  Code  Lc  xprintfsmall.o [3]
_PrintfSmall            0x08003049  0x252  Code  Gb  xprintfsmall.o [3]
_Prout                  0x080037c7   0x16  Code  Gb  xprout.o [3]
_PutcharsSmall          0x08003507   0x2e  Code  Lc  xprintfsmall.o [3]
_PutfldSmall            0x080032fd  0x13c  Code  Lc  xprintfsmall.o [3]
__aeabi_memclr4         0x08002fa5         Code  Gb  ABImemclr4.o [4]
__aeabi_memcpy          0x08002ec5         Code  Gb  ABImemcpy.o [4]
__aeabi_memcpy4         0x08002ee5         Code  Gb  ABImemcpy.o [4]
__aeabi_memcpy8         0x08002ee5         Code  Gb  ABImemcpy.o [4]
__aeabi_memset4         0x0800300d         Code  Gb  ABImemset48.o [4]
__aeabi_memset8         0x0800300d         Code  Gb  ABImemset48.o [4]
__cmain                 0x08003799         Code  Gb  cmain.o [4]
__exit                  0x08003681   0x14  Code  Gb  exit.o [5]
__iar_Fail_s            0x080035dd   0x1e  Code  Gb  xfail_s.o [3]
__iar_Memchr            0x08003621         Code  Gb  memchr.o [4]
__iar_Memset4_word      0x08003015         Code  Gb  ABImemset48.o [4]
__iar_Memset8_word      0x08003015         Code  Gb  ABImemset48.o [4]
__iar_Stdout            0x20000144   0x48  Data  Gb  xfiles.o [3]
__iar_Strchr            0x080035c5         Code  Gb  strchr.o [4]
__iar_data_init3        0x08003751   0x28  Code  Gb  data_init.o [4]
__iar_globLocale        0x200000fc   0x48  Data  Lc  xlocale_c.o [3]
__iar_packbits_init_single3
                        0x08003719   0x38  Code  Gb  packbits_init_single.o [4]
__iar_program_start     0x080037f9         Code  Gb  cstartup_M.o [4]
__iar_systems$$module {Abs}
                        0x00000001         Data  Gb  command line/config [2]
__iar_zero_init3        0x080036d9   0x40  Code  Gb  zero_init3.o [4]
__low_level_init        0x080037b3    0x4  Code  Gb  low_level_init.o [3]
__vector_table          0x08000000         Data  Gb  startup_stm32f103xb.o [1]
_call_main              0x080037a5         Code  Gb  cmain.o [4]
_exit                   0x080037bd         Code  Gb  cexit.o [4]
_gLocale_mblen          0x080035bd    0x4  Code  Gb  xlocale_c.o [3]
_gLocale_mblenInt       0x08003585   0x2c  Code  Gb  xlocale_c.o [3]
_main                   0x080037af         Code  Gb  cmain.o [4]
abort                   0x08003679    0x6  Code  Gb  abort.o [3]
dma_handle              0x20000000   0x38  Data  Gb  cmsis_os.o [1]
dma_handle_recv         0x20000038   0x38  Data  Gb  cmsis_os.o [1]
exit                    0x080037b7    0x4  Code  Gb  exit.o [3]
fputc                   0x08000965   0x14  Code  Gb  cmsis_os.o [1]
main                    0x080004a7  0x19c  Code  Gb  cmsis_os.o [1]
memchr                  0x08003621         Code  Gb  memchr.o [4]
obuf                    0x20002ed0   0x50  Data  Lc  xfiles.o [3]
osDelay                 0x08000165   0x10  Code  Gb  cmsis_os.o [1]
osKernelStart           0x08000109    0xa  Code  Gb  cmsis_os.o [1]
osKernelSysTick         0x08000113   0x1a  Code  Gb  cmsis_os.o [1]
osSemaphoreCreate       0x08000175   0x2e  Code  Gb  cmsis_os.o [1]
osSemaphoreRelease      0x08000205   0x4a  Code  Gb  cmsis_os.o [1]
osSemaphoreWait         0x080001a3   0x62  Code  Gb  cmsis_os.o [1]
osSystickHandler        0x0800024f   0x14  Code  Gb  cmsis_os.o [1]
osThreadCreate          0x0800012d   0x38  Code  Gb  cmsis_os.o [1]
os_semaphore_def_def_uart
                        0x08000844    0x4  Data  Gb  cmsis_os.o [1]
printf                  0x08002e9d   0x28  Code  Gb  printf.o [3]
putchar                 0x080037dd    0xc  Code  Gb  putchar.o [3]
pvPortMalloc            0x08000265   0xc0  Code  Gb  cmsis_os.o [1]
pvTaskIncrementMutexHeldCount
                        0x08002dc3   0x16  Code  Gb  cmsis_os.o [1]
pxCurrentTCB            0x20002dd0    0x4  Data  Gb  cmsis_os.o [1]
pxPortInitialiseStack   0x08000979   0x1e  Code  Gb  cmsis_os.o [1]
recv_store              0x200000cc   0x14  Data  Gb  cmsis_os.o [1]
sec_hand                0x20002f24    0x4  Data  Lc  xfail_s.o [3]
sem_uart                0x200000c8    0x4  Data  Gb  cmsis_os.o [1]
strchr                  0x080035c5         Code  Gb  strchr.o [4]
string1                 0x200000c0    0x4  Data  Gb  cmsis_os.o [1]
string2                 0x200000c4    0x4  Data  Gb  cmsis_os.o [1]
strlen                  0x08002f6d         Code  Gb  strlen.o [4]
uart_dma_ThreadHandle   0x20000074    0x4  Data  Gb  cmsis_os.o [1]
uart_it_ThreadHandle    0x20000078    0x4  Data  Gb  cmsis_os.o [1]
ulPortSetInterruptMask  0x08002e47         Code  Gb  portasm.o [1]
uxListRemove            0x08000483   0x24  Code  Gb  cmsis_os.o [1]
vApplicationStackOverflowHook
                        0x0800085d    0x8  Code  Gb  cmsis_os.o [1]
vListInitialise         0x08000417   0x1a  Code  Gb  cmsis_os.o [1]
vListInitialiseItem     0x08000431    0x6  Code  Gb  cmsis_os.o [1]
vListInsert             0x0800044f   0x34  Code  Gb  cmsis_os.o [1]
vListInsertEnd          0x08000437   0x18  Code  Gb  cmsis_os.o [1]
vPortClearInterruptMask
                        0x08002e55         Code  Gb  portasm.o [1]
vPortEnterCritical      0x08000a37   0x30  Code  Gb  cmsis_os.o [1]
vPortExitCritical       0x08000a67   0x24  Code  Gb  cmsis_os.o [1]
vPortFree               0x08000325   0x52  Code  Gb  cmsis_os.o [1]
vPortStartFirstTask     0x08002e7b         Code  Gb  portasm.o [1]
vPortValidateInterruptPriority
                        0x08000ab1   0x38  Code  Gb  cmsis_os.o [1]
vPortYield              0x08000a23   0x14  Code  Gb  cmsis_os.o [1]
vTaskDelay              0x080026fb   0x54  Code  Gb  cmsis_os.o [1]
vTaskMissedYield        0x08002ad5    0x8  Code  Gb  cmsis_os.o [1]
vTaskPlaceOnEventList   0x08002997   0x56  Code  Gb  cmsis_os.o [1]
vTaskPriorityInherit    0x08002cc9   0x7a  Code  Gb  cmsis_os.o [1]
vTaskSetTimeOutState    0x08002a59   0x18  Code  Gb  cmsis_os.o [1]
vTaskStartScheduler     0x0800274f   0x50  Code  Gb  cmsis_os.o [1]
vTaskSuspendAll         0x0800279f    0xc  Code  Gb  cmsis_os.o [1]
vTaskSwitchContext      0x0800292d   0x6a  Code  Gb  cmsis_os.o [1]
xPortStartScheduler     0x080009b3   0x70  Code  Gb  cmsis_os.o [1]
xPortSysTickHandler     0x08000a8b   0x22  Code  Gb  cmsis_os.o [1]
xQueueCreateCountingSemaphore
                        0x08000bd1   0x30  Code  Gb  cmsis_os.o [1]
xQueueGenericCreate     0x08000b73   0x5e  Code  Gb  cmsis_os.o [1]
xQueueGenericReceive    0x08000dbf  0x14e  Code  Gb  cmsis_os.o [1]
xQueueGenericReset      0x08000b01   0x72  Code  Gb  cmsis_os.o [1]
xQueueGenericSend       0x08000c01  0x134  Code  Gb  cmsis_os.o [1]
xQueueGiveFromISR       0x08000d35   0x8a  Code  Gb  cmsis_os.o [1]
xQueueReceiveFromISR    0x08000f0d   0x84  Code  Gb  cmsis_os.o [1]
xTaskCheckForTimeOut    0x08002a71   0x60  Code  Gb  cmsis_os.o [1]
xTaskGenericCreate      0x08002605   0xf6  Code  Gb  cmsis_os.o [1]
xTaskGetSchedulerState  0x08002ca9   0x1c  Code  Gb  cmsis_os.o [1]
xTaskGetTickCount       0x0800284f    0x8  Code  Gb  cmsis_os.o [1]
xTaskGetTickCountFromISR
                        0x08002857    0xe  Code  Gb  cmsis_os.o [1]
xTaskIncrementTick      0x08002865   0xc8  Code  Gb  cmsis_os.o [1]
xTaskPriorityDisinherit
                        0x08002d43   0x80  Code  Gb  cmsis_os.o [1]
xTaskRemoveFromEventList
                        0x080029ed   0x68  Code  Gb  cmsis_os.o [1]
xTaskResumeAll          0x080027ab   0xa4  Code  Gb  cmsis_os.o [1]


[1] = D:\development\stm32\src_code\en.stm32cubef1\STM32Cube_FW_F1_V1.4.0\Projects\STM32C8T6_wkxboot\app\freertos\FreeRTOS_multi_task\EWARM\STM3210C_EVAL\Obj
[2] = command line
[3] = dl7M_tlf.a
[4] = rt7M_tl.a
[5] = shb_l.a

  14 412 bytes of readonly  code memory
     200 bytes of readonly  data memory
  12 068 bytes of readwrite data memory

Errors: none
Warnings: none
