<html>
<body>
<pre>
<h1>µVision Build Log</h1>
<h2>Tool Versions:</h2>
IDE-Version: ¦ÌVision V5.12.0.0
Copyright (C) 2014 ARM Ltd and ARM Germany GmbH. All rights reserved.
License Information: wkx wkx, 11, LIC=D0D74-FPRJP-CXQU6-DS1TI-W1ZVQ-9PP0M
 
Tool Versions:
Toolchain:       MDK-ARM Standard  Version: 5.12.0.0
Toolchain Path:  C:\Keil_v5\ARM\ARMCC\Bin
C Compiler:      Armcc.exe V5.05 (build 41)
Assembler:       Armasm.exe V5.05 (build 41)
Linker/Locator:  ArmLink.exe V5.05 (build 41)
Library Manager: ArmAr.exe V5.05 (build 41)
Hex Converter:   FromElf.exe V5.05 (build 41)
CPU DLL:         SARMCM3.DLL V5.12.0.0
Dialog DLL:      DCM.DLL V1.13.0.0
    Target DLL: STLink\ST-LINKIII-KEIL_SWO.dll
Dialog DLL:      TCM.DLL V1.14.2.0
 
<h2>Project:</h2>
D:\development\stm32\src_code\en.stm32cubef1\STM32Cube_FW_F1_V1.4.0\Projects\STM32C8T6_wkxboot\app\freertos\FreeRTOS_multi_task\MDK-ARM\Project.uvprojx
Project File Date:  12/07/2015

<h2>Output:</h2>
Build target 'STM3210C_EVAL'
compiling stm3210c_wkxboot.c...
linking...
Program Size: Code=5940 RO-data=332 RW-data=132 ZI-data=3316  
FromELF: creating hex file...
".\output\STM3210C_EVAL.axf" - 0 Error(s), 0 Warning(s).

<h2>Software Packages used:</h2>

Package Vendor: ARM
                http://www.keil.com/pack/ARM.CMSIS.4.2.0.pack
                ARM::CMSIS:CORE:3.40.0
                CMSIS (Cortex Microcontroller Software Interface Standard)
   * Component: CORE Version: 3.40.0

<h2>Collection of Component include folders:</h2>
  D:\development\stm32\src_code\en.stm32cubef1\STM32Cube_FW_F1_V1.4.0\Projects\STM32C8T6_wkxboot\app\freertos\FreeRTOS_multi_task\MDK-ARM\RTE
  C:\Keil_v5\ARM\PACK\ARM\CMSIS\4.2.0\CMSIS\Include
  C:\Keil_v5\ARM\PACK\Keil\STM32F1xx_DFP\2.1.0

<h2>Collection of Component Files used:</h2>

   * Component: ARM::CMSIS:CORE:3.40.0
      Source file:   CMSIS\UserCodeTemplates\ARM\ITM_Retarget.c
Load "D:\\development\\stm32\\src_code\\en.stm32cubef1\\STM32Cube_FW_F1_V1.4.0\\Projects\\STM32C8T6_wkxboot\\app\\freertos\\FreeRTOS_multi_task\\MDK-ARM\\output\\STM3210C_EVAL.axf" 
Erase Done.
Programming Done.
Verify OK.
oot\\app\\freertos\\FreeRTOS_multi_task\\MDK-ARM\\output\\STM3210C_EVAL.axf" 
Erase Done.
Programming Failed!
Error: Flash Download failed  -  "Cortex-M3"
CK\ARM\CMSIS\4.2.0\CMSIS\Include
  C:\Keil_v5\ARM\PACK\Keil\STM32F1xx_DFP\2.1.0

<h2>Collection of Component Files used:</h2>

   * Component: ARM::CMSIS:CORE:3.40.0
      Source file:   CMSIS\UserCodeTemplates\ARM\ITM_Retarget.c
Load "D:\\development\\stm32\\src_code\\en.stm32cubef1\\STM32Cube_FW_F1_V1.4.0\\Projects\\STM32C8T6_wkxboot\\app\\freertos\\FreeRTOS_multi_task\\MDK-ARM\\output\\STM3210C_EVAL.axf" 
Internal DLL Error
Error: Flash Download failed  -  Target DLL has been cancelled
ce.h
Target not created.
 used:</h2>

Package Vendor: ARM
                http://www.keil.com/pack/ARM.CMSIS.4.2.0.pack
                ARM::CMSIS:CORE:3.40.0
                CMSIS (Cortex Microcontroller Software Interface Standard)
   * Component: CORE Version: 3.40.0

Package Vendor: Keil
                http://www.keil.com/pack/Keil.STM32F1xx_DFP.2.1.0.pack
                Keil::Device:Startup:1.0.0
                STMicroelectronics STM32F1 Series Device Support, Drivers and Examples
   * Component: Startup Version: 1.0.0

<h2>Collection of Component include folders:</h2>
  D:\development\stm32\src_code\en.stm32cubef1\STM32Cube_FW_F1_V1.4.0\Projects\STM32C8T6_wkxboot\app\freertos\FreeRTOS_multi_task\MDK-ARM\RTE
  D:\development\stm32\src_code\en.stm32cubef1\STM32Cube_FW_F1_V1.4.0\Projects\STM32C8T6_wkxboot\app\freertos\FreeRTOS_multi_task\MDK-ARM\RTE\Device\STM32F103C8
  C:\Keil_v5\ARM\PACK\ARM\CMSIS\4.2.0\CMSIS\Include
  C:\Keil_v5\ARM\PACK\Keil\STM32F1xx_DFP\2.1.0
  C:\Keil_v5\ARM\PACK\Keil\STM32F1xx_DFP\2.1.0\Device\Include

<h2>Collection of Component Files used:</h2>

   * Component: ARM::CMSIS:CORE:3.40.0
      Source file:   CMSIS\UserCodeTemplates\ARM\ITM_Retarget.c

   * Component: Keil::Device:Startup:1.0.0
      Source file:   Device\Source\ARM\startup_stm32f10x_md.s
      Source file:   Device\Source\ARM\STM32F1xx_OPT.s
      Source file:   Device\Source\system_stm32f10x.c
      Include file:  RTE_Driver\Config\RTE_Device.h
Target not created.
compiling main.c...
../Src/main.c(159): warning:  #177-D: function "LED_Thread2" was declared but never referenced
  static void LED_Thread2(void const *argument)
../Src/main.c: 1 warning, 0 errors
"../Src/main.c" - 0 Error(s), 1 Warning(s).
ngs, 1 error
compiling stm32f1xx_it.c...
../../../../../../Drivers/CMSIS/Device/ST/STM32F1xx/Include/stm32f1xx.h(159): error:  #35: #error directive: "Please select first the target STM32F1xx device used in your application (in stm32f1xx.h file)"
   #error "Please select first the target STM32F1xx device used in your application (in stm32f1xx.h file)"
../Src/stm32f1xx_it.c: 0 warnings, 1 error
assembling startup_stm32f103xb.s...
compiling heap_4.c...
compiling port.c...
".\output\STM3210C_EVAL.axf" - 9 Error(s), 0 Warning(s).

<h2>Software Packages used:</h2>

Package Vendor: ARM
                http://www.keil.com/pack/ARM.CMSIS.4.2.0.pack
                ARM::CMSIS:CORE:3.40.0
                CMSIS (Cortex Microcontroller Software Interface Standard)
   * Component: CORE Version: 3.40.0

Package Vendor: Keil
                http://www.keil.com/pack/Keil.STM32F1xx_DFP.2.1.0.pack
                Keil::Device:Startup:1.0.0
                STMicroelectronics STM32F1 Series Device Support, Drivers and Examples
   * Component: Startup Version: 1.0.0

<h2>Collection of Component include folders:</h2>
  D:\development\stm32\src_code\en.stm32cubef1\STM32Cube_FW_F1_V1.4.0\Projects\STM32C8T6_wkxboot\app\freertos\FreeRTOS_multi_task\MDK-ARM\RTE
  D:\development\stm32\src_code\en.stm32cubef1\STM32Cube_FW_F1_V1.4.0\Projects\STM32C8T6_wkxboot\app\freertos\FreeRTOS_multi_task\MDK-ARM\RTE\Device\STM32F103C8
  C:\Keil_v5\ARM\PACK\ARM\CMSIS\4.2.0\CMSIS\Include
  C:\Keil_v5\ARM\PACK\Keil\STM32F1xx_DFP\2.1.0
  C:\Keil_v5\ARM\PACK\Keil\STM32F1xx_DFP\2.1.0\Device\Include

<h2>Collection of Component Files used:</h2>

   * Component: ARM::CMSIS:CORE:3.40.0
      Source file:   CMSIS\UserCodeTemplates\ARM\ITM_Retarget.c

   * Component: Keil::Device:Startup:1.0.0
      Source file:   Device\Source\ARM\startup_stm32f10x_md.s
      Source file:   Device\Source\ARM\STM32F1xx_OPT.s
      Source file:   Device\Source\system_stm32f10x.c
      Include file:  RTE_Driver\Config\RTE_Device.h
Target not created.
