<html>
<body>
<pre>
<h1>µVision Build Log</h1>
<h2>Tool Versions:</h2>
IDE-Version: ¦ÌVision V5.12.0.0
Copyright (C) 2014 ARM Ltd and ARM Germany GmbH. All rights reserved.
License Information: wkx wkx, 11, LIC=D0D74-FPRJP-CXQU6-DS1TI-W1ZVQ-9PP0M
 
Tool Versions:
Toolchain:       MDK-ARM Standard  Version: 5.12.0.0
Toolchain Path:  C:\Keil_v5\ARM\ARMCC\Bin
C Compiler:      Armcc.exe V5.05 (build 41)
Assembler:       Armasm.exe V5.05 (build 41)
Linker/Locator:  ArmLink.exe V5.05 (build 41)
Library Manager: ArmAr.exe V5.05 (build 41)
Hex Converter:   FromElf.exe V5.05 (build 41)
CPU DLL:         SARMCM3.DLL V5.12.0.0
Dialog DLL:      DCM.DLL V1.13.0.0
    Target DLL: STLink\ST-LINKIII-KEIL_SWO.dll
Dialog DLL:      TCM.DLL V1.14.2.0
 
<h2>Project:</h2>
D:\development\stm32\src_code\en.stm32cubef1\STM32Cube_FW_F1_V1.4.0\Projects\STM32C8T6_wkxboot\app\freertos\FreeRTOS_multi_task\MDK-ARM\Project.uvprojx
Project File Date:  04/11/2017

<h2>Output:</h2>
Rebuild target 'STM3210C_EVAL'
compiling cmsis_os.c...
compiling stm32f1xx_hal_rcc.c...
compiling stm32f1xx_hal_cortex.c...
compiling stm32f1xx_hal_gpio.c...
compiling stm32f1xx_hal_rcc_ex.c...
compiling stm32f1xx_hal.c...
compiling stm32f1xx_hal_usart.c...
compiling stm32f1xx_hal_uart.c...
compiling stm32f1xx_hal_dma.c...
compiling system_stm32f1xx.c...
compiling stm3210c_wkxboot.c...
compiling list.c...
compiling tasks.c...
compiling timers.c...
compiling queue.c...
compiling main.c...
../Src/main.c(276): warning:  #167-D: argument of type "uint8_t *" is incompatible with parameter of type "const char *"
        HAL_UART_Transmit_DMA(&UartHandle,string2,strlen(string2));
../Src/main.c(267): warning:  #177-D: variable "count" was declared but never referenced
    uint32_t count;
../Src/main.c(307): warning:  #167-D: argument of type "uint8_t *" is incompatible with parameter of type "const char *"
        HAL_UART_Transmit_IT(&UartHandle,string1,strlen(string1));
../Src/main.c(291): warning:  #177-D: variable "count" was declared but never referenced
    uint32_t count;
../Src/main.c(388): warning:  #177-D: variable "i" was declared but never referenced
        uint32_t i;
../Src/main.c: 5 warnings, 0 errors
compiling stm32f1xx_it.c...
../Src/stm32f1xx_it.c(177): warning:  #1-D: last line of file ends without a newline
  }
../Src/stm32f1xx_it.c: 1 warning, 0 errors
compiling stm32f1xx_hal_msp.c...
assembling startup_stm32f103xb.s...
compiling heap_4.c...
compiling port.c...
linking...
Program Size: Code=15716 RO-data=528 RW-data=168 ZI-data=11624  
FromELF: creating hex file...
".\output\STM3210C_EVAL.axf" - 0 Error(s), 6 Warning(s).

<h2>Software Packages used:</h2>

Package Vendor: ARM
                http://www.keil.com/pack/ARM.CMSIS.4.2.0.pack
                ARM::CMSIS:CORE:3.40.0
                CMSIS (Cortex Microcontroller Software Interface Standard)
   * Component: CORE Version: 3.40.0

<h2>Collection of Component include folders:</h2>
  D:\development\stm32\src_code\en.stm32cubef1\STM32Cube_FW_F1_V1.4.0\Projects\STM32C8T6_wkxboot\app\freertos\FreeRTOS_multi_task\MDK-ARM\RTE
  C:\Keil_v5\ARM\PACK\ARM\CMSIS\4.2.0\CMSIS\Include
  C:\Keil_v5\ARM\PACK\Keil\STM32F1xx_DFP\2.1.0

<h2>Collection of Component Files used:</h2>

   * Component: ARM::CMSIS:CORE:3.40.0
      Source file:   CMSIS\UserCodeTemplates\ARM\ITM_Retarget.c
</pre>
</body>
</html>
