Component: ARM Compiler 5.05 (build 41) Tool: armlink [4d0eb9]

==============================================================================

Section Cross References

    cmsis_os.o(i.osDelay) refers to tasks.o(i.vTaskDelay) for vTaskDelay
    cmsis_os.o(i.osDelayUntil) refers to tasks.o(i.vTaskDelayUntil) for vTaskDelayUntil
    cmsis_os.o(i.osKernelRunning) refers to tasks.o(i.xTaskGetSchedulerState) for xTaskGetSchedulerState
    cmsis_os.o(i.osKernelStart) refers to tasks.o(i.vTaskStartScheduler) for vTaskStartScheduler
    cmsis_os.o(i.osKernelSysTick) refers to cmsis_os.o(i.inHandlerMode) for inHandlerMode
    cmsis_os.o(i.osKernelSysTick) refers to tasks.o(i.xTaskGetTickCountFromISR) for xTaskGetTickCountFromISR
    cmsis_os.o(i.osKernelSysTick) refers to tasks.o(i.xTaskGetTickCount) for xTaskGetTickCount
    cmsis_os.o(i.osMailAlloc) refers to cmsis_os.o(i.osPoolAlloc) for osPoolAlloc
    cmsis_os.o(i.osMailCAlloc) refers to cmsis_os.o(i.osMailAlloc) for osMailAlloc
    cmsis_os.o(i.osMailCreate) refers to heap_4.o(i.pvPortMalloc) for pvPortMalloc
    cmsis_os.o(i.osMailCreate) refers to queue.o(i.xQueueGenericCreate) for xQueueGenericCreate
    cmsis_os.o(i.osMailCreate) refers to heap_4.o(i.vPortFree) for vPortFree
    cmsis_os.o(i.osMailCreate) refers to cmsis_os.o(i.osPoolCreate) for osPoolCreate
    cmsis_os.o(i.osMailFree) refers to cmsis_os.o(i.osPoolFree) for osPoolFree
    cmsis_os.o(i.osMailGet) refers to cmsis_os.o(i.inHandlerMode) for inHandlerMode
    cmsis_os.o(i.osMailGet) refers to queue.o(i.xQueueReceiveFromISR) for xQueueReceiveFromISR
    cmsis_os.o(i.osMailGet) refers to queue.o(i.xQueueGenericReceive) for xQueueGenericReceive
    cmsis_os.o(i.osMailPut) refers to cmsis_os.o(i.inHandlerMode) for inHandlerMode
    cmsis_os.o(i.osMailPut) refers to queue.o(i.xQueueGenericSendFromISR) for xQueueGenericSendFromISR
    cmsis_os.o(i.osMailPut) refers to queue.o(i.xQueueGenericSend) for xQueueGenericSend
    cmsis_os.o(i.osMessageCreate) refers to queue.o(i.xQueueGenericCreate) for xQueueGenericCreate
    cmsis_os.o(i.osMessageGet) refers to cmsis_os.o(i.inHandlerMode) for inHandlerMode
    cmsis_os.o(i.osMessageGet) refers to queue.o(i.xQueueReceiveFromISR) for xQueueReceiveFromISR
    cmsis_os.o(i.osMessageGet) refers to queue.o(i.xQueueGenericReceive) for xQueueGenericReceive
    cmsis_os.o(i.osMessagePeek) refers to queue.o(i.xQueueGenericReceive) for xQueueGenericReceive
    cmsis_os.o(i.osMessagePut) refers to cmsis_os.o(i.inHandlerMode) for inHandlerMode
    cmsis_os.o(i.osMessagePut) refers to queue.o(i.xQueueGenericSendFromISR) for xQueueGenericSendFromISR
    cmsis_os.o(i.osMessagePut) refers to queue.o(i.xQueueGenericSend) for xQueueGenericSend
    cmsis_os.o(i.osMutexCreate) refers to queue.o(i.xQueueCreateMutex) for xQueueCreateMutex
    cmsis_os.o(i.osMutexDelete) refers to cmsis_os.o(i.inHandlerMode) for inHandlerMode
    cmsis_os.o(i.osMutexDelete) refers to queue.o(i.vQueueDelete) for vQueueDelete
    cmsis_os.o(i.osMutexRelease) refers to cmsis_os.o(i.inHandlerMode) for inHandlerMode
    cmsis_os.o(i.osMutexRelease) refers to queue.o(i.xQueueGiveFromISR) for xQueueGiveFromISR
    cmsis_os.o(i.osMutexRelease) refers to queue.o(i.xQueueGenericSend) for xQueueGenericSend
    cmsis_os.o(i.osMutexWait) refers to cmsis_os.o(i.inHandlerMode) for inHandlerMode
    cmsis_os.o(i.osMutexWait) refers to queue.o(i.xQueueReceiveFromISR) for xQueueReceiveFromISR
    cmsis_os.o(i.osMutexWait) refers to queue.o(i.xQueueGenericReceive) for xQueueGenericReceive
    cmsis_os.o(i.osPoolAlloc) refers to cmsis_os.o(i.inHandlerMode) for inHandlerMode
    cmsis_os.o(i.osPoolAlloc) refers to port.o(.emb_text) for ulPortSetInterruptMask
    cmsis_os.o(i.osPoolAlloc) refers to port.o(i.vPortEnterCritical) for vPortEnterCritical
    cmsis_os.o(i.osPoolAlloc) refers to port.o(i.vPortExitCritical) for vPortExitCritical
    cmsis_os.o(i.osPoolCAlloc) refers to cmsis_os.o(i.osPoolAlloc) for osPoolAlloc
    cmsis_os.o(i.osPoolCreate) refers to heap_4.o(i.pvPortMalloc) for pvPortMalloc
    cmsis_os.o(i.osPoolCreate) refers to heap_4.o(i.vPortFree) for vPortFree
    cmsis_os.o(i.osRecursiveMutexCreate) refers to queue.o(i.xQueueCreateMutex) for xQueueCreateMutex
    cmsis_os.o(i.osRecursiveMutexRelease) refers to queue.o(i.xQueueGiveMutexRecursive) for xQueueGiveMutexRecursive
    cmsis_os.o(i.osRecursiveMutexWait) refers to queue.o(i.xQueueTakeMutexRecursive) for xQueueTakeMutexRecursive
    cmsis_os.o(i.osSemaphoreCreate) refers to queue.o(i.xQueueGenericCreate) for xQueueGenericCreate
    cmsis_os.o(i.osSemaphoreCreate) refers to queue.o(i.xQueueGenericSend) for xQueueGenericSend
    cmsis_os.o(i.osSemaphoreCreate) refers to queue.o(i.xQueueCreateCountingSemaphore) for xQueueCreateCountingSemaphore
    cmsis_os.o(i.osSemaphoreDelete) refers to cmsis_os.o(i.inHandlerMode) for inHandlerMode
    cmsis_os.o(i.osSemaphoreDelete) refers to queue.o(i.vQueueDelete) for vQueueDelete
[...]
    Removing cmsis_os.o(i.osMailPut), (88 bytes).
    Removing cmsis_os.o(i.osMessageCreate), (18 bytes).
    Removing cmsis_os.o(i.osMessageGet), (148 bytes).
    Removing cmsis_os.o(i.osMessagePeek), (88 bytes).
    Removing cmsis_os.o(i.osMessagePut), (88 bytes).
    Removing cmsis_os.o(i.osMutexCreate), (12 bytes).
    Removing cmsis_os.o(i.osMutexDelete), (24 bytes).
    Removing cmsis_os.o(i.osMutexRelease), (72 bytes).
    Removing cmsis_os.o(i.osMutexWait), (100 bytes).
    Removing cmsis_os.o(i.osPoolAlloc), (102 bytes).
    Removing cmsis_os.o(i.osPoolCAlloc), (22 bytes).
    Removing cmsis_os.o(i.osPoolCreate), (112 bytes).
    Removing cmsis_os.o(i.osPoolFree), (74 bytes).
    Removing cmsis_os.o(i.osRecursiveMutexCreate), (12 bytes).
    Removing cmsis_os.o(i.osRecursiveMutexRelease), (22 bytes).
    Removing cmsis_os.o(i.osRecursiveMutexWait), (50 bytes).
    Removing cmsis_os.o(i.osSemaphoreDelete), (24 bytes).
    Removing cmsis_os.o(i.osSignalSet), (84 bytes).
    Removing cmsis_os.o(i.osSignalWait), (98 bytes).
    Removing cmsis_os.o(i.osThreadGetId), (8 bytes).
    Removing cmsis_os.o(i.osThreadGetPriority), (38 bytes).
    Removing cmsis_os.o(i.osThreadGetState), (58 bytes).
    Removing cmsis_os.o(i.osThreadIsSuspended), (22 bytes).
    Removing cmsis_os.o(i.osThreadList), (6 bytes).
    Removing cmsis_os.o(i.osThreadResume), (44 bytes).
    Removing cmsis_os.o(i.osThreadResumeAll), (18 bytes).
    Removing cmsis_os.o(i.osThreadSetPriority), (26 bytes).
    Removing cmsis_os.o(i.osThreadSuspend), (14 bytes).
    Removing cmsis_os.o(i.osThreadSuspendAll), (10 bytes).
    Removing cmsis_os.o(i.osThreadTerminate), (14 bytes).
    Removing cmsis_os.o(i.osThreadYield), (10 bytes).
    Removing cmsis_os.o(i.osTimerCreate), (6 bytes).
    Removing cmsis_os.o(i.osTimerDelete), (8 bytes).
    Removing cmsis_os.o(i.osTimerStart), (8 bytes).
    Removing cmsis_os.o(i.osTimerStop), (8 bytes).
    Removing stm32f1xx_hal_rcc.o(.rev16_text), (4 bytes).
    Removing stm32f1xx_hal_rcc.o(.revsh_text), (4 bytes).
    Removing stm32f1xx_hal_rcc.o(.rrx_text), (6 bytes).
    Removing stm32f1xx_hal_rcc.o(i.HAL_RCC_CSSCallback), (2 bytes).
    Removing stm32f1xx_hal_rcc.o(i.HAL_RCC_DeInit), (96 bytes).
    Removing stm32f1xx_hal_rcc.o(i.HAL_RCC_DisableCSS), (28 bytes).
    Removing stm32f1xx_hal_rcc.o(i.HAL_RCC_EnableCSS), (24 bytes).
    Removing stm32f1xx_hal_rcc.o(i.HAL_RCC_GetClockConfig), (68 bytes).
    Removing stm32f1xx_hal_rcc.o(i.HAL_RCC_GetOscConfig), (212 bytes).
    Removing stm32f1xx_hal_rcc.o(i.HAL_RCC_MCOConfig), (100 bytes).
    Removing stm32f1xx_hal_rcc.o(i.HAL_RCC_NMI_IRQHandler), (32 bytes).
    Removing stm32f1xx_hal_cortex.o(.rev16_text), (4 bytes).
    Removing stm32f1xx_hal_cortex.o(.revsh_text), (4 bytes).
    Removing stm32f1xx_hal_cortex.o(.rrx_text), (6 bytes).
    Removing stm32f1xx_hal_cortex.o(i.HAL_NVIC_ClearPendingIRQ), (28 bytes).
    Removing stm32f1xx_hal_cortex.o(i.HAL_NVIC_DisableIRQ), (28 bytes).
    Removing stm32f1xx_hal_cortex.o(i.HAL_NVIC_GetActive), (40 bytes).
    Removing stm32f1xx_hal_cortex.o(i.HAL_NVIC_GetPendingIRQ), (40 bytes).
    Removing stm32f1xx_hal_cortex.o(i.HAL_NVIC_GetPriority), (148 bytes).
    Removing stm32f1xx_hal_cortex.o(i.HAL_NVIC_GetPriorityGrouping), (8 bytes).
    Removing stm32f1xx_hal_cortex.o(i.HAL_NVIC_SetPendingIRQ), (28 bytes).
    Removing stm32f1xx_hal_cortex.o(i.HAL_NVIC_SystemReset), (44 bytes).
    Removing stm32f1xx_hal_cortex.o(i.HAL_SYSTICK_CLKSourceConfig), (40 bytes).
    Removing stm32f1xx_hal_cortex.o(i.HAL_SYSTICK_Callback), (2 bytes).
    Removing stm32f1xx_hal_cortex.o(i.HAL_SYSTICK_IRQHandler), (8 bytes).
    Removing stm32f1xx_hal_gpio.o(.rev16_text), (4 bytes).
    Removing stm32f1xx_hal_gpio.o(.revsh_text), (4 bytes).
    Removing stm32f1xx_hal_gpio.o(.rrx_text), (6 bytes).
    Removing stm32f1xx_hal_gpio.o(i.HAL_GPIO_DeInit), (296 bytes).
    Removing stm32f1xx_hal_gpio.o(i.HAL_GPIO_EXTI_Callback), (2 bytes).
    Removing stm32f1xx_hal_gpio.o(i.HAL_GPIO_EXTI_IRQHandler), (28 bytes).
    Removing stm32f1xx_hal_gpio.o(i.HAL_GPIO_LockPin), (46 bytes).
    Removing stm32f1xx_hal_gpio.o(i.HAL_GPIO_ReadPin), (16 bytes).
    Removing stm32f1xx_hal_rcc_ex.o(.rev16_text), (4 bytes).
    Removing stm32f1xx_hal_rcc_ex.o(.revsh_text), (4 bytes).
    Removing stm32f1xx_hal_rcc_ex.o(.rrx_text), (6 bytes).
    Removing stm32f1xx_hal_rcc_ex.o(i.HAL_RCCEx_GetPeriphCLKConfig), (60 bytes).
    Removing stm32f1xx_hal_rcc_ex.o(i.HAL_RCCEx_GetPeriphCLKFreq), (328 bytes).
    Removing stm32f1xx_hal_rcc_ex.o(i.HAL_RCCEx_PeriphCLKConfig), (380 bytes).
    Removing stm32f1xx_hal.o(.rev16_text), (4 bytes).
    Removing stm32f1xx_hal.o(.revsh_text), (4 bytes).
    Removing stm32f1xx_hal.o(.rrx_text), (6 bytes).
    Removing stm32f1xx_hal.o(i.HAL_DBGMCU_DisableDBGSleepMode), (20 bytes).
    Removing stm32f1xx_hal.o(i.HAL_DBGMCU_DisableDBGStandbyMode), (20 bytes).
    Removing stm32f1xx_hal.o(i.HAL_DBGMCU_DisableDBGStopMode), (20 bytes).
    Removing stm32f1xx_hal.o(i.HAL_DBGMCU_EnableDBGSleepMode), (20 bytes).
    Removing stm32f1xx_hal.o(i.HAL_DBGMCU_EnableDBGStandbyMode), (20 bytes).
    Removing stm32f1xx_hal.o(i.HAL_DBGMCU_EnableDBGStopMode), (20 bytes).
    Removing stm32f1xx_hal.o(i.HAL_DeInit), (36 bytes).
    Removing stm32f1xx_hal.o(i.HAL_GetDEVID), (16 bytes).
    Removing stm32f1xx_hal.o(i.HAL_GetHalVersion), (8 bytes).
    Removing stm32f1xx_hal.o(i.HAL_GetREVID), (28 bytes).
    Removing stm32f1xx_hal.o(i.HAL_MspDeInit), (2 bytes).
    Removing stm32f1xx_hal.o(i.HAL_ResumeTick), (18 bytes).
    Removing stm32f1xx_hal.o(i.HAL_SuspendTick), (18 bytes).
    Removing stm32f1xx_hal_usart.o(.rev16_text), (4 bytes).
    Removing stm32f1xx_hal_usart.o(.revsh_text), (4 bytes).
    Removing stm32f1xx_hal_usart.o(.rrx_text), (6 bytes).
    Removing stm32f1xx_hal_uart.o(.rev16_text), (4 bytes).
    Removing stm32f1xx_hal_uart.o(.revsh_text), (4 bytes).
    Removing stm32f1xx_hal_uart.o(.rrx_text), (6 bytes).
    Removing stm32f1xx_hal_uart.o(i.HAL_HalfDuplex_EnableReceiver), (64 bytes).
    Removing stm32f1xx_hal_uart.o(i.HAL_HalfDuplex_EnableTransmitter), (66 bytes).
    Removing stm32f1xx_hal_uart.o(i.HAL_HalfDuplex_Init), (114 bytes).
    Removing stm32f1xx_hal_uart.o(i.HAL_LIN_Init), (130 bytes).
    Removing stm32f1xx_hal_uart.o(i.HAL_LIN_SendBreak), (62 bytes).
    Removing stm32f1xx_hal_uart.o(i.HAL_MultiProcessor_EnterMuteMode), (62 bytes).
    Removing stm32f1xx_hal_uart.o(i.HAL_MultiProcessor_ExitMuteMode), (62 bytes).
    Removing stm32f1xx_hal_uart.o(i.HAL_MultiProcessor_Init), (134 bytes).
    Removing stm32f1xx_hal_uart.o(i.HAL_UART_DMAPause), (118 bytes).
    Removing stm32f1xx_hal_uart.o(i.HAL_UART_DMAResume), (156 bytes).
    Removing stm32f1xx_hal_uart.o(i.HAL_UART_DMAStop), (46 bytes).
    Removing stm32f1xx_hal_uart.o(i.HAL_UART_DeInit), (68 bytes).
    Removing stm32f1xx_hal_uart.o(i.HAL_UART_GetError), (6 bytes).
    Removing stm32f1xx_hal_uart.o(i.HAL_UART_GetState), (8 bytes).
    Removing stm32f1xx_hal_uart.o(i.HAL_UART_MspDeInit), (2 bytes).
    Removing stm32f1xx_hal_uart.o(i.HAL_UART_MspInit), (2 bytes).
    Removing stm32f1xx_hal_uart.o(i.HAL_UART_Receive), (248 bytes).
    Removing stm32f1xx_hal_uart.o(i.HAL_UART_Receive_DMA), (160 bytes).
    Removing stm32f1xx_hal_uart.o(i.HAL_UART_Receive_IT), (134 bytes).
    Removing stm32f1xx_hal_uart.o(i.HAL_UART_RxHalfCpltCallback), (2 bytes).
    Removing stm32f1xx_hal_uart.o(i.HAL_UART_TxCpltCallback), (2 bytes).
    Removing stm32f1xx_hal_uart.o(i.UART_DMAReceiveCplt), (62 bytes).
    Removing stm32f1xx_hal_uart.o(i.UART_DMARxHalfCplt), (14 bytes).
    Removing stm32f1xx_hal_dma.o(.rev16_text), (4 bytes).
    Removing stm32f1xx_hal_dma.o(.revsh_text), (4 bytes).
    Removing stm32f1xx_hal_dma.o(.rrx_text), (6 bytes).
    Removing stm32f1xx_hal_dma.o(i.HAL_DMA_Abort), (98 bytes).
    Removing stm32f1xx_hal_dma.o(i.HAL_DMA_DeInit), (368 bytes).
    Removing stm32f1xx_hal_dma.o(i.HAL_DMA_GetError), (6 bytes).
    Removing stm32f1xx_hal_dma.o(i.HAL_DMA_GetState), (8 bytes).
    Removing stm32f1xx_hal_dma.o(i.HAL_DMA_PollForTransfer), (744 bytes).
    Removing stm32f1xx_hal_dma.o(i.HAL_DMA_Start), (82 bytes).
    Removing system_stm32f1xx.o(.rev16_text), (4 bytes).
    Removing system_stm32f1xx.o(.revsh_text), (4 bytes).
    Removing system_stm32f1xx.o(.rrx_text), (6 bytes).
    Removing system_stm32f1xx.o(i.SystemCoreClockUpdate), (164 bytes).
    Removing stm3210c_wkxboot.o(.rev16_text), (4 bytes).
    Removing stm3210c_wkxboot.o(.revsh_text), (4 bytes).
    Removing stm3210c_wkxboot.o(.rrx_text), (6 bytes).
    Removing stm3210c_wkxboot.o(i.BSP_COM_Init), (276 bytes).
    Removing stm3210c_wkxboot.o(i.BSP_GetVersion), (8 bytes).
    Removing stm3210c_wkxboot.o(i.BSP_LED_On), (32 bytes).
    Removing stm3210c_wkxboot.o(i.BSP_PB_GetState), (32 bytes).
    Removing stm3210c_wkxboot.o(i.BSP_PB_Init), (236 bytes).
    Removing tasks.o(i.eTaskGetState), (116 bytes).
    Removing tasks.o(i.prvListTaskWithinSingleList), (176 bytes).
    Removing tasks.o(i.prvTaskCheckFreeStackSpace), (22 bytes).
    Removing tasks.o(i.prvTaskIsTaskSuspended), (76 bytes).
    Removing tasks.o(i.ulTaskNotifyTake), (180 bytes).
    Removing tasks.o(i.uxTaskGetNumberOfTasks), (12 bytes).
    Removing tasks.o(i.uxTaskGetSystemState), (156 bytes).
    Removing tasks.o(i.uxTaskGetTaskNumber), (14 bytes).
    Removing tasks.o(i.uxTaskPriorityGet), (36 bytes).
    Removing tasks.o(i.uxTaskPriorityGetFromISR), (48 bytes).
    Removing tasks.o(i.uxTaskResetEventItemValue), (28 bytes).
    Removing tasks.o(i.vTaskDelayUntil), (192 bytes).
    Removing tasks.o(i.vTaskDelete), (192 bytes).
    Removing tasks.o(i.vTaskEndScheduler), (24 bytes).
    Removing tasks.o(i.vTaskNotifyGiveFromISR), (180 bytes).
    Removing tasks.o(i.vTaskPlaceOnUnorderedEventList), (152 bytes).
    Removing tasks.o(i.vTaskPrioritySet), (248 bytes).
    Removing tasks.o(i.vTaskResume), (116 bytes).
    Removing tasks.o(i.vTaskSetTaskNumber), (8 bytes).
    Removing tasks.o(i.vTaskSuspend), (200 bytes).
    Removing tasks.o(i.xTaskGenericNotify), (216 bytes).
    Removing tasks.o(i.xTaskGenericNotifyFromISR), (260 bytes).
    Removing tasks.o(i.xTaskGetCurrentTaskHandle), (12 bytes).
    Removing tasks.o(i.xTaskNotifyStateClear), (56 bytes).
    Removing tasks.o(i.xTaskNotifyWait), (212 bytes).
    Removing tasks.o(i.xTaskRemoveFromUnorderedEventList), (148 bytes).
    Removing tasks.o(i.xTaskResumeFromISR), (148 bytes).
    Removing queue.o(i.ucQueueGetQueueType), (8 bytes).
    Removing queue.o(i.uxQueueGetQueueNumber), (6 bytes).
    Removing queue.o(i.uxQueueMessagesWaiting), (28 bytes).
    Removing queue.o(i.uxQueueMessagesWaitingFromISR), (20 bytes).
    Removing queue.o(i.uxQueueSpacesAvailable), (34 bytes).
    Removing queue.o(i.vQueueAddToRegistry), (44 bytes).
    Removing queue.o(i.vQueueDelete), (30 bytes).
    Removing queue.o(i.vQueueSetQueueNumber), (4 bytes).
    Removing queue.o(i.vQueueUnregisterQueue), (44 bytes).
    Removing queue.o(i.xQueueCreateMutex), (76 bytes).
    Removing queue.o(i.xQueueGenericSendFromISR), (172 bytes).
    Removing queue.o(i.xQueueGetMutexHolder), (26 bytes).
    Removing queue.o(i.xQueueGiveMutexRecursive), (58 bytes).
    Removing queue.o(i.xQueueIsQueueEmptyFromISR), (28 bytes).
    Removing queue.o(i.xQueueIsQueueFullFromISR), (32 bytes).
    Removing queue.o(i.xQueuePeekFromISR), (110 bytes).
    Removing queue.o(i.xQueueTakeMutexRecursive), (70 bytes).
    Removing queue.o(.bss), (64 bytes).
    Removing main.o(.rev16_text), (4 bytes).
    Removing main.o(.revsh_text), (4 bytes).
    Removing main.o(.rrx_text), (6 bytes).
    Removing stm32f1xx_it.o(.rev16_text), (4 bytes).
    Removing stm32f1xx_it.o(.revsh_text), (4 bytes).
    Removing stm32f1xx_it.o(.rrx_text), (6 bytes).
    Removing stm32f1xx_hal_msp.o(.rev16_text), (4 bytes).
    Removing stm32f1xx_hal_msp.o(.revsh_text), (4 bytes).
    Removing stm32f1xx_hal_msp.o(.rrx_text), (6 bytes).
    Removing stm32f1xx_hal_msp.o(i.HAL_UART_MspDeInit), (52 bytes).
    Removing startup_stm32f103xb.o(HEAP), (512 bytes).
    Removing heap_4.o(i.vPortInitialiseBlocks), (2 bytes).
    Removing heap_4.o(i.xPortGetFreeHeapSize), (12 bytes).
    Removing heap_4.o(i.xPortGetMinimumEverFreeHeapSize), (12 bytes).
    Removing port.o(i.vPortEndScheduler), (36 bytes).
    Removing dadd.o(.text), (334 bytes).
    Removing dmul.o(.text), (228 bytes).
    Removing ddiv.o(.text), (222 bytes).
    Removing dfixul.o(.text), (48 bytes).
    Removing cdrcmple.o(.text), (48 bytes).
    Removing depilogue.o(.text), (186 bytes).

214 unused section(s) (total 14062 bytes) removed from the image.

==============================================================================

Image Symbol Table

    Local Symbols

    Symbol Name                              Value     Ov Type        Size  Object(Section)

    ../../../../../../Drivers/STM32F1xx_HAL_Driver/Src/stm32f1xx_hal.c 0x00000000   Number         0  stm32f1xx_hal.o ABSOLUTE
    ../../../../../../Drivers/STM32F1xx_HAL_Driver/Src/stm32f1xx_hal_cortex.c 0x00000000   Number         0  stm32f1xx_hal_cortex.o ABSOLUTE
    ../../../../../../Drivers/STM32F1xx_HAL_Driver/Src/stm32f1xx_hal_gpio.c 0x00000000   Number         0  stm32f1xx_hal_gpio.o ABSOLUTE
    ../../../../../../Drivers/STM32F1xx_HAL_Driver/Src/stm32f1xx_hal_rcc.c 0x00000000   Number         0  stm32f1xx_hal_rcc.o ABSOLUTE
    ../../../../../../Drivers/STM32F1xx_HAL_Driver/Src/stm32f1xx_hal_rcc_ex.c 0x00000000   Number         0  stm32f1xx_hal_rcc_ex.o ABSOLUTE
    ../../../../../../Middlewares/Third_Party/FreeRTOS/Source/CMSIS_RTOS/cmsis_os.c 0x00000000   Number         0  cmsis_os.o ABSOLUTE
    ../../../../../../Middlewares/Third_Party/FreeRTOS/Source/list.c 0x00000000   Number         0  list.o ABSOLUTE
    ../../../../../../Middlewares/Third_Party/FreeRTOS/Source/portable/MemMang/heap_4.c 0x00000000   Number         0  heap_4.o ABSOLUTE
    ../../../../../../Middlewares/Third_Party/FreeRTOS/Source/portable/RVDS/ARM_CM3/port.c 0x00000000   Number         0  port.o ABSOLUTE
    ../../../../../../Middlewares/Third_Party/FreeRTOS/Source/queue.c 0x00000000   Number         0  queue.o ABSOLUTE
    ../../../../../../Middlewares/Third_Party/FreeRTOS/Source/tasks.c 0x00000000   Number         0  tasks.o ABSOLUTE
    ../../../../../../Middlewares/Third_Party/FreeRTOS/Source/timers.c 0x00000000   Number         0  timers.o ABSOLUTE
    ../Src/main.c                            0x00000000   Number         0  main.o ABSOLUTE
    ../Src/stm32f1xx_it.c                    0x00000000   Number         0  stm32f1xx_it.o ABSOLUTE
    ../Src/system_stm32f1xx.c                0x00000000   Number         0  system_stm32f1xx.o ABSOLUTE
    ../clib/microlib/division.c              0x00000000   Number         0  uldiv.o ABSOLUTE
    ../clib/microlib/division.c              0x00000000   Number         0  uidiv.o ABSOLUTE
    ../clib/microlib/init/entry.s            0x00000000   Number         0  entry9a.o ABSOLUTE
    ../clib/microlib/init/entry.s            0x00000000   Number         0  entry8b.o ABSOLUTE
    ../clib/microlib/init/entry.s            0x00000000   Number         0  entry2.o ABSOLUTE
    ../clib/microlib/init/entry.s            0x00000000   Number         0  entry11b.o ABSOLUTE
    ../clib/microlib/init/entry.s            0x00000000   Number         0  entry5.o ABSOLUTE
    ../clib/microlib/init/entry.s            0x00000000   Number         0  entry11a.o ABSOLUTE
    ../clib/microlib/init/entry.s            0x00000000   Number         0  entry10b.o ABSOLUTE
    ../clib/microlib/init/entry.s            0x00000000   Number         0  entry10a.o ABSOLUTE
    ../clib/microlib/init/entry.s            0x00000000   Number         0  entry9b.o ABSOLUTE
    ../clib/microlib/init/entry.s            0x00000000   Number         0  entry7b.o ABSOLUTE
    ../clib/microlib/init/entry.s            0x00000000   Number         0  entry8a.o ABSOLUTE
    ../clib/microlib/init/entry.s            0x00000000   Number         0  entry7a.o ABSOLUTE
    ../clib/microlib/init/entry.s            0x00000000   Number         0  entry.o ABSOLUTE
    ../clib/microlib/longlong.c              0x00000000   Number         0  llshl.o ABSOLUTE
    ../clib/microlib/longlong.c              0x00000000   Number         0  llsshr.o ABSOLUTE
    ../clib/microlib/longlong.c              0x00000000   Number         0  llushr.o ABSOLUTE
    ../clib/microlib/printf/printf.c         0x00000000   Number         0  printf1.o ABSOLUTE
    ../clib/microlib/printf/printf.c         0x00000000   Number         0  printfb.o ABSOLUTE
    ../clib/microlib/printf/printf.c         0x00000000   Number         0  printf5.o ABSOLUTE
    ../clib/microlib/printf/printf.c         0x00000000   Number         0  printf0.o ABSOLUTE
    ../clib/microlib/printf/printf.c         0x00000000   Number         0  printf6.o ABSOLUTE
    ../clib/microlib/printf/printf.c         0x00000000   Number         0  printfa.o ABSOLUTE
    ../clib/microlib/printf/printf.c         0x00000000   Number         0  printf8.o ABSOLUTE
    ../clib/microlib/printf/printf.c         0x00000000   Number         0  printf7.o ABSOLUTE
    ../clib/microlib/printf/printf.c         0x00000000   Number         0  printf4.o ABSOLUTE
    ../clib/microlib/printf/printf.c         0x00000000   Number         0  printf3.o ABSOLUTE
    ../clib/microlib/printf/printf.c         0x00000000   Number         0  printf2.o ABSOLUTE
    ../clib/microlib/printf/stubs.s          0x00000000   Number         0  stubs.o ABSOLUTE
    ../clib/microlib/stdio/streams.c         0x00000000   Number         0  stdout.o ABSOLUTE
    ../clib/microlib/string/memcpy.c         0x00000000   Number         0  memcpya.o ABSOLUTE
    ../clib/microlib/string/memcpy.c         0x00000000   Number         0  memcpyb.o ABSOLUTE
    ../clib/microlib/string/memset.c         0x00000000   Number         0  memseta.o ABSOLUTE
    ../clib/microlib/string/strlen.c         0x00000000   Number         0  strlen.o ABSOLUTE
    ../clib/microlib/stubs.s                 0x00000000   Number         0  iusefp.o ABSOLUTE
    ../fplib/microlib/fpadd.c                0x00000000   Number         0  dadd.o ABSOLUTE
    ../fplib/microlib/fpdiv.c                0x00000000   Number         0  ddiv.o ABSOLUTE
    ../fplib/microlib/fpepilogue.c           0x00000000   Number         0  depilogue.o ABSOLUTE
    ../fplib/microlib/fpfix.c                0x00000000   Number         0  dfixul.o ABSOLUTE
    ../fplib/microlib/fpmul.c                0x00000000   Number         0  dmul.o ABSOLUTE
    ..\..\..\..\..\..\Drivers\BSP\STM3210C_wkxboot\stm3210c_wkxboot.c 0x00000000   Number         0  stm3210c_wkxboot.o ABSOLUTE
    ..\..\..\..\..\..\Drivers\STM32F1xx_HAL_Driver\Src\stm32f1xx_hal.c 0x00000000   Number         0  stm32f1xx_hal.o ABSOLUTE
    ..\..\..\..\..\..\Drivers\STM32F1xx_HAL_Driver\Src\stm32f1xx_hal_cortex.c 0x00000000   Number         0  stm32f1xx_hal_cortex.o ABSOLUTE
    ..\..\..\..\..\..\Drivers\STM32F1xx_HAL_Driver\Src\stm32f1xx_hal_dma.c 0x00000000   Number         0  stm32f1xx_hal_dma.o ABSOLUTE
    ..\..\..\..\..\..\Drivers\STM32F1xx_HAL_Driver\Src\stm32f1xx_hal_gpio.c 0x00000000   Number         0  stm32f1xx_hal_gpio.o ABSOLUTE
    ..\..\..\..\..\..\Drivers\STM32F1xx_HAL_Driver\Src\stm32f1xx_hal_rcc.c 0x00000000   Number         0  stm32f1xx_hal_rcc.o ABSOLUTE
    ..\..\..\..\..\..\Drivers\STM32F1xx_HAL_Driver\Src\stm32f1xx_hal_rcc_ex.c 0x00000000   Number         0  stm32f1xx_hal_rcc_ex.o ABSOLUTE
    ..\..\..\..\..\..\Drivers\STM32F1xx_HAL_Driver\Src\stm32f1xx_hal_uart.c 0x00000000   Number         0  stm32f1xx_hal_uart.o ABSOLUTE
    ..\..\..\..\..\..\Drivers\STM32F1xx_HAL_Driver\Src\stm32f1xx_hal_usart.c 0x00000000   Number         0  stm32f1xx_hal_usart.o ABSOLUTE
    ..\..\..\..\..\..\Middlewares\Third_Party\FreeRTOS\Source\portable\RVDS\ARM_CM3\port.c 0x00000000   Number         0  port.o ABSOLUTE
    ..\Src\main.c                            0x00000000   Number         0  main.o ABSOLUTE
    ..\Src\stm32f1xx_hal_msp.c               0x00000000   Number         0  stm32f1xx_hal_msp.o ABSOLUTE
    ..\Src\stm32f1xx_it.c                    0x00000000   Number         0  stm32f1xx_it.o ABSOLUTE
    ..\Src\system_stm32f1xx.c                0x00000000   Number         0  system_stm32f1xx.o ABSOLUTE
    ..\\..\\..\\..\\..\\..\\Drivers\\BSP\\STM3210C_wkxboot\\stm3210c_wkxboot.c 0x00000000   Number         0  stm3210c_wkxboot.o ABSOLUTE
    ..\\..\\..\\..\\..\\..\\Drivers\\STM32F1xx_HAL_Driver\\Src\\stm32f1xx_hal_dma.c 0x00000000   Number         0  stm32f1xx_hal_dma.o ABSOLUTE
    ..\\..\\..\\..\\..\\..\\Drivers\\STM32F1xx_HAL_Driver\\Src\\stm32f1xx_hal_uart.c 0x00000000   Number         0  stm32f1xx_hal_uart.o ABSOLUTE
    ..\\..\\..\\..\\..\\..\\Drivers\\STM32F1xx_HAL_Driver\\Src\\stm32f1xx_hal_usart.c 0x00000000   Number         0  stm32f1xx_hal_usart.o ABSOLUTE
    ..\\Src\\stm32f1xx_hal_msp.c             0x00000000   Number         0  stm32f1xx_hal_msp.o ABSOLUTE
    cdrcmple.s                               0x00000000   Number         0  cdrcmple.o ABSOLUTE
    dc.s                                     0x00000000   Number         0  dc.o ABSOLUTE
    handlers.s                               0x00000000   Number         0  handlers.o ABSOLUTE
    init.s                                   0x00000000   Number         0  init.o ABSOLUTE
    startup_stm32f103xb.s                    0x00000000   Number         0  startup_stm32f103xb.o ABSOLUTE
    RESET                                    0x08000000   Section      236  startup_stm32f103xb.o(RESET)
    .ARM.Collect$$$$00000000                 0x080000ec   Section        0  entry.o(.ARM.Collect$$$$00000000)
    .ARM.Collect$$$$00000001                 0x080000ec   Section        4  entry2.o(.ARM.Collect$$$$00000001)
    .ARM.Collect$$$$00000004                 0x080000f0   Section        4  entry5.o(.ARM.Collect$$$$00000004)
    .ARM.Collect$$$$00000008                 0x080000f4   Section        0  entry7b.o(.ARM.Collect$$$$00000008)
    .ARM.Collect$$$$0000000A                 0x080000f4   Section        0  entry8b.o(.ARM.Collect$$$$0000000A)
    .ARM.Collect$$$$0000000B                 0x080000f4   Section        8  entry9a.o(.ARM.Collect$$$$0000000B)
    .ARM.Collect$$$$0000000D                 0x080000fc   Section        0  entry10a.o(.ARM.Collect$$$$0000000D)
    .ARM.Collect$$$$0000000F                 0x080000fc   Section        0  entry11a.o(.ARM.Collect$$$$0000000F)
    .ARM.Collect$$$$00002712                 0x080000fc   Section        4  entry2.o(.ARM.Collect$$$$00002712)
    __lit__00000000                          0x080000fc   Data           4  entry2.o(.ARM.Collect$$$$00002712)
    .emb_text                                0x08000100   Section      162  port.o(.emb_text)
    .text                                    0x080001a4   Section       36  startup_stm32f103xb.o(.text)
    .text                                    0x080001c8   Section        0  memcpya.o(.text)
    .text                                    0x080001ec   Section        0  memseta.o(.text)
    .text                                    0x08000210   Section        0  strlen.o(.text)
    .text                                    0x0800021e   Section        0  uidiv.o(.text)
    .text                                    0x0800024c   Section       36  init.o(.text)
    i.BSP_LED_Init                           0x08000270   Section        0  stm3210c_wkxboot.o(i.BSP_LED_Init)
    i.BSP_LED_Off                            0x08000344   Section        0  stm3210c_wkxboot.o(i.BSP_LED_Off)
    i.BSP_LED_Toggle                         0x08000364   Section        0  stm3210c_wkxboot.o(i.BSP_LED_Toggle)
    i.BusFault_Handler                       0x08000384   Section        0  stm32f1xx_it.o(i.BusFault_Handler)
    i.DMA1_Channel7_IRQHandler               0x08000388   Section        0  stm32f1xx_it.o(i.DMA1_Channel7_IRQHandler)
    i.DMA_SetConfig                          0x08000398   Section        0  stm32f1xx_hal_dma.o(i.DMA_SetConfig)
    DMA_SetConfig                            0x08000399   Thumb Code    32  stm32f1xx_hal_dma.o(i.DMA_SetConfig)
    i.DebugMon_Handler                       0x080003b8   Section        0  stm32f1xx_it.o(i.DebugMon_Handler)
    i.Error_Handler                          0x080003ba   Section        0  main.o(i.Error_Handler)
    Error_Handler                            0x080003bb   Thumb Code     4  main.o(i.Error_Handler)
    i.HAL_DMA_IRQHandler                     0x080003c0   Section        0  stm32f1xx_hal_dma.o(i.HAL_DMA_IRQHandler)
    i.HAL_DMA_Init                           0x080006d0   Section        0  stm32f1xx_hal_dma.o(i.HAL_DMA_Init)
    i.HAL_DMA_Start_IT                       0x08000724   Section        0  stm32f1xx_hal_dma.o(i.HAL_DMA_Start_IT)
    i.HAL_Delay                              0x0800079a   Section        0  stm32f1xx_hal.o(i.HAL_Delay)
    i.HAL_GPIO_Init                          0x080007b4   Section        0  stm32f1xx_hal_gpio.o(i.HAL_GPIO_Init)
    i.HAL_GPIO_TogglePin                     0x08000abc   Section        0  stm32f1xx_hal_gpio.o(i.HAL_GPIO_TogglePin)
    i.HAL_GPIO_WritePin                      0x08000ac4   Section        0  stm32f1xx_hal_gpio.o(i.HAL_GPIO_WritePin)
    i.HAL_GetTick                            0x08000ad0   Section        0  stm32f1xx_hal.o(i.HAL_GetTick)
    i.HAL_IncTick                            0x08000adc   Section        0  stm32f1xx_hal.o(i.HAL_IncTick)
    i.HAL_Init                               0x08000aec   Section        0  stm32f1xx_hal.o(i.HAL_Init)
    i.HAL_InitTick                           0x08000b14   Section        0  stm32f1xx_hal.o(i.HAL_InitTick)
    i.HAL_MspInit                            0x08000b38   Section        0  stm32f1xx_hal.o(i.HAL_MspInit)
    i.HAL_NVIC_EnableIRQ                     0x08000b3a   Section        0  stm32f1xx_hal_cortex.o(i.HAL_NVIC_EnableIRQ)
    i.HAL_NVIC_SetPriority                   0x08000b54   Section        0  stm32f1xx_hal_cortex.o(i.HAL_NVIC_SetPriority)
    i.HAL_NVIC_SetPriorityGrouping           0x08000bd0   Section        0  stm32f1xx_hal_cortex.o(i.HAL_NVIC_SetPriorityGrouping)
    i.HAL_RCC_ClockConfig                    0x08000bf8   Section        0  stm32f1xx_hal_rcc.o(i.HAL_RCC_ClockConfig)
    i.HAL_RCC_GetHCLKFreq                    0x08000e90   Section        0  stm32f1xx_hal_rcc.o(i.HAL_RCC_GetHCLKFreq)
    i.HAL_RCC_GetPCLK1Freq                   0x08000e9c   Section        0  stm32f1xx_hal_rcc.o(i.HAL_RCC_GetPCLK1Freq)
    i.HAL_RCC_GetPCLK2Freq                   0x08000ec8   Section        0  stm32f1xx_hal_rcc.o(i.HAL_RCC_GetPCLK2Freq)
    i.HAL_RCC_GetSysClockFreq                0x08000ef4   Section        0  stm32f1xx_hal_rcc.o(i.HAL_RCC_GetSysClockFreq)
    i.HAL_RCC_OscConfig                      0x08000fa8   Section        0  stm32f1xx_hal_rcc.o(i.HAL_RCC_OscConfig)
    i.HAL_SYSTICK_Config                     0x08001820   Section        0  stm32f1xx_hal_cortex.o(i.HAL_SYSTICK_Config)
    i.HAL_UART_ErrorCallback                 0x08001854   Section        0  stm32f1xx_hal_uart.o(i.HAL_UART_ErrorCallback)
    i.HAL_UART_IRQHandler                    0x08001856   Section        0  stm32f1xx_hal_uart.o(i.HAL_UART_IRQHandler)
    i.HAL_UART_Init                          0x08001930   Section        0  stm32f1xx_hal_uart.o(i.HAL_UART_Init)
    i.HAL_UART_MspInit                       0x080019a0   Section        0  stm32f1xx_hal_msp.o(i.HAL_UART_MspInit)
    i.HAL_UART_RxCpltCallback                0x08001a28   Section        0  stm32f1xx_hal_uart.o(i.HAL_UART_RxCpltCallback)
    i.HAL_UART_Transmit                      0x08001a2a   Section        0  stm32f1xx_hal_uart.o(i.HAL_UART_Transmit)
    i.HAL_UART_Transmit_DMA                  0x08001b1c   Section        0  stm32f1xx_hal_uart.o(i.HAL_UART_Transmit_DMA)
    i.HAL_UART_Transmit_IT                   0x08001bc4   Section        0  stm32f1xx_hal_uart.o(i.HAL_UART_Transmit_IT)
    i.HAL_UART_TxCpltCallback                0x08001c34   Section        0  main.o(i.HAL_UART_TxCpltCallback)
    i.HAL_UART_TxHalfCpltCallback            0x08001c68   Section        0  stm32f1xx_hal_uart.o(i.HAL_UART_TxHalfCpltCallback)
    i.HardFault_Handler                      0x08001c6a   Section        0  stm32f1xx_it.o(i.HardFault_Handler)
    i.LED_Thread1                            0x08001c6e   Section        0  main.o(i.LED_Thread1)
    LED_Thread1                              0x08001c6f   Thumb Code    78  main.o(i.LED_Thread1)
    i.MemManage_Handler                      0x08001cbc   Section        0  stm32f1xx_it.o(i.MemManage_Handler)
    i.NMI_Handler                            0x08001cc0   Section        0  stm32f1xx_it.o(i.NMI_Handler)
    i.NVIC_GetPriorityGrouping               0x08001cc4   Section        0  stm32f1xx_hal_cortex.o(i.NVIC_GetPriorityGrouping)
    NVIC_GetPriorityGrouping                 0x08001cc5   Thumb Code    10  stm32f1xx_hal_cortex.o(i.NVIC_GetPriorityGrouping)
    i.NVIC_SetPriority                       0x08001cd4   Section        0  stm32f1xx_hal_cortex.o(i.NVIC_SetPriority)
    NVIC_SetPriority                         0x08001cd5   Thumb Code    32  stm32f1xx_hal_cortex.o(i.NVIC_SetPriority)
    i.SysTick_Handler                        0x08001cfc   Section        0  stm32f1xx_it.o(i.SysTick_Handler)
    i.SystemClock_Config                     0x08001d08   Section        0  main.o(i.SystemClock_Config)
    i.SystemInit                             0x08001d68   Section        0  system_stm32f1xx.o(i.SystemInit)
    i.UART_DMAError                          0x08001dc0   Section        0  stm32f1xx_hal_uart.o(i.UART_DMAError)
    UART_DMAError                            0x08001dc1   Thumb Code    34  stm32f1xx_hal_uart.o(i.UART_DMAError)
    i.UART_DMATransmitCplt                   0x08001de2   Section        0  stm32f1xx_hal_uart.o(i.UART_DMATransmitCplt)
    UART_DMATransmitCplt                     0x08001de3   Thumb Code    54  stm32f1xx_hal_uart.o(i.UART_DMATransmitCplt)
    i.UART_DMATxHalfCplt                     0x08001e18   Section        0  stm32f1xx_hal_uart.o(i.UART_DMATxHalfCplt)
    UART_DMATxHalfCplt                       0x08001e19   Thumb Code    14  stm32f1xx_hal_uart.o(i.UART_DMATxHalfCplt)
    i.UART_EndTransmit_IT                    0x08001e26   Section        0  stm32f1xx_hal_uart.o(i.UART_EndTransmit_IT)
    UART_EndTransmit_IT                      0x08001e27   Thumb Code    48  stm32f1xx_hal_uart.o(i.UART_EndTransmit_IT)
    i.UART_Receive_IT                        0x08001e56   Section        0  stm32f1xx_hal_uart.o(i.UART_Receive_IT)
    UART_Receive_IT                          0x08001e57   Thumb Code   188  stm32f1xx_hal_uart.o(i.UART_Receive_IT)
    i.UART_SetConfig                         0x08001f14   Section        0  stm32f1xx_hal_uart.o(i.UART_SetConfig)
    UART_SetConfig                           0x08001f15   Thumb Code   450  stm32f1xx_hal_uart.o(i.UART_SetConfig)
    i.UART_Transmit_IT                       0x080020dc   Section        0  stm32f1xx_hal_uart.o(i.UART_Transmit_IT)
    UART_Transmit_IT                         0x080020dd   Thumb Code   112  stm32f1xx_hal_uart.o(i.UART_Transmit_IT)
    i.UART_WaitOnFlagUntilTimeout            0x0800214c   Section        0  stm32f1xx_hal_uart.o(i.UART_WaitOnFlagUntilTimeout)
    UART_WaitOnFlagUntilTimeout              0x0800214d   Thumb Code   250  stm32f1xx_hal_uart.o(i.UART_WaitOnFlagUntilTimeout)
    i.USART2_IRQHandler                      0x08002248   Section        0  stm32f1xx_it.o(i.USART2_IRQHandler)
    i.UsageFault_Handler                     0x08002258   Section        0  stm32f1xx_it.o(i.UsageFault_Handler)
    i.__0printf$1                            0x0800225c   Section        0  printf1.o(i.__0printf$1)
    i.__scatterload_copy                     0x0800227c   Section       14  handlers.o(i.__scatterload_copy)
    i.__scatterload_null                     0x0800228a   Section        2  handlers.o(i.__scatterload_null)
    i.__scatterload_zeroinit                 0x0800228c   Section       14  handlers.o(i.__scatterload_zeroinit)
    i._printf_core                           0x0800229c   Section        0  printf1.o(i._printf_core)
    _printf_core                             0x0800229d   Thumb Code   336  printf1.o(i._printf_core)
    i.dma_transmit_complete_cb               0x080023f0   Section        0  main.o(i.dma_transmit_complete_cb)
    dma_transmit_complete_cb                 0x080023f1   Thumb Code    12  main.o(i.dma_transmit_complete_cb)
    i.dma_transmit_error_cb                  0x08002410   Section        0  main.o(i.dma_transmit_error_cb)
    dma_transmit_error_cb                    0x08002411   Thumb Code    12  main.o(i.dma_transmit_error_cb)
    i.dma_transmit_half_cb                   0x08002430   Section        0  main.o(i.dma_transmit_half_cb)
    dma_transmit_half_cb                     0x08002431   Thumb Code    12  main.o(i.dma_transmit_half_cb)
    i.fputc                                  0x08002450   Section        0  main.o(i.fputc)
    i.inHandlerMode                          0x0800246c   Section        0  cmsis_os.o(i.inHandlerMode)
    inHandlerMode                            0x0800246d   Thumb Code    16  cmsis_os.o(i.inHandlerMode)
    i.main                                   0x0800247c   Section        0  main.o(i.main)
    i.makeFreeRtosPriority                   0x0800266c   Section        0  cmsis_os.o(i.makeFreeRtosPriority)
    makeFreeRtosPriority                     0x0800266d   Thumb Code    14  cmsis_os.o(i.makeFreeRtosPriority)
    i.osDelay                                0x0800267a   Section        0  cmsis_os.o(i.osDelay)
    i.osKernelStart                          0x08002692   Section        0  cmsis_os.o(i.osKernelStart)
    i.osKernelSysTick                        0x0800269c   Section        0  cmsis_os.o(i.osKernelSysTick)
    i.osSemaphoreCreate                      0x080026b0   Section        0  cmsis_os.o(i.osSemaphoreCreate)
    i.osSemaphoreRelease                     0x080026e4   Section        0  cmsis_os.o(i.osSemaphoreRelease)
    i.osSemaphoreWait                        0x0800272c   Section        0  cmsis_os.o(i.osSemaphoreWait)
    i.osSystickHandler                       0x08002790   Section        0  cmsis_os.o(i.osSystickHandler)
    i.osThreadCreate                         0x080027a0   Section        0  cmsis_os.o(i.osThreadCreate)
    i.prvAddCurrentTaskToDelayedList         0x080027dc   Section        0  tasks.o(i.prvAddCurrentTaskToDelayedList)
    prvAddCurrentTaskToDelayedList           0x080027dd   Thumb Code    62  tasks.o(i.prvAddCurrentTaskToDelayedList)
    i.prvAllocateTCBAndStack                 0x08002830   Section        0  tasks.o(i.prvAllocateTCBAndStack)
    prvAllocateTCBAndStack                   0x08002831   Thumb Code    66  tasks.o(i.prvAllocateTCBAndStack)
    i.prvCheckTasksWaitingTermination        0x08002874   Section        0  tasks.o(i.prvCheckTasksWaitingTermination)
    prvCheckTasksWaitingTermination          0x08002875   Thumb Code    86  tasks.o(i.prvCheckTasksWaitingTermination)
    i.prvCopyDataFromQueue                   0x080028d8   Section        0  queue.o(i.prvCopyDataFromQueue)
    prvCopyDataFromQueue                     0x080028d9   Thumb Code    42  queue.o(i.prvCopyDataFromQueue)
    i.prvCopyDataToQueue                     0x08002902   Section        0  queue.o(i.prvCopyDataToQueue)
    prvCopyDataToQueue                       0x08002903   Thumb Code   128  queue.o(i.prvCopyDataToQueue)
    i.prvDeleteTCB                           0x08002982   Section        0  tasks.o(i.prvDeleteTCB)
    prvDeleteTCB                             0x08002983   Thumb Code    18  tasks.o(i.prvDeleteTCB)
    i.prvHeapInit                            0x08002994   Section        0  heap_4.o(i.prvHeapInit)
    prvHeapInit                              0x08002995   Thumb Code    98  heap_4.o(i.prvHeapInit)
    i.prvIdleTask                            0x08002a10   Section        0  tasks.o(i.prvIdleTask)
    prvIdleTask                              0x08002a11   Thumb Code    20  tasks.o(i.prvIdleTask)
    i.prvInitialiseTCBVariables              0x08002a28   Section        0  tasks.o(i.prvInitialiseTCBVariables)
    prvInitialiseTCBVariables                0x08002a29   Thumb Code    98  tasks.o(i.prvInitialiseTCBVariables)
    i.prvInitialiseTaskLists                 0x08002a8c   Section        0  tasks.o(i.prvInitialiseTaskLists)
    prvInitialiseTaskLists                   0x08002a8d   Thumb Code    70  tasks.o(i.prvInitialiseTaskLists)
    i.prvInsertBlockIntoFreeList             0x08002af4   Section        0  heap_4.o(i.prvInsertBlockIntoFreeList)
    prvInsertBlockIntoFreeList               0x08002af5   Thumb Code    96  heap_4.o(i.prvInsertBlockIntoFreeList)
    i.prvIsQueueEmpty                        0x08002b5c   Section        0  queue.o(i.prvIsQueueEmpty)
    prvIsQueueEmpty                          0x08002b5d   Thumb Code    26  queue.o(i.prvIsQueueEmpty)
    i.prvIsQueueFull                         0x08002b76   Section        0  queue.o(i.prvIsQueueFull)
    prvIsQueueFull                           0x08002b77   Thumb Code    30  queue.o(i.prvIsQueueFull)
    i.prvResetNextTaskUnblockTime            0x08002b94   Section        0  tasks.o(i.prvResetNextTaskUnblockTime)
    prvResetNextTaskUnblockTime              0x08002b95   Thumb Code    42  tasks.o(i.prvResetNextTaskUnblockTime)
    i.prvTaskExitError                       0x08002bc8   Section        0  port.o(i.prvTaskExitError)
    prvTaskExitError                         0x08002bc9   Thumb Code    32  port.o(i.prvTaskExitError)
    i.prvUnlockQueue                         0x08002bec   Section        0  queue.o(i.prvUnlockQueue)
    prvUnlockQueue                           0x08002bed   Thumb Code   126  queue.o(i.prvUnlockQueue)
    i.pvPortMalloc                           0x08002c6c   Section        0  heap_4.o(i.pvPortMalloc)
    i.pvTaskIncrementMutexHeldCount          0x08002d80   Section        0  tasks.o(i.pvTaskIncrementMutexHeldCount)
    i.pxPortInitialiseStack                  0x08002da0   Section        0  port.o(i.pxPortInitialiseStack)
    i.uart_dma_Thread                        0x08002dc0   Section        0  main.o(i.uart_dma_Thread)
    uart_dma_Thread                          0x08002dc1   Thumb Code    42  main.o(i.uart_dma_Thread)
    i.uart_it_Thread                         0x08002df8   Section        0  main.o(i.uart_it_Thread)
    uart_it_Thread                           0x08002df9   Thumb Code    78  main.o(i.uart_it_Thread)
    i.uxListRemove                           0x08002e6c   Section        0  list.o(i.uxListRemove)
    i.vApplicationStackOverflowHook          0x08002e94   Section        0  main.o(i.vApplicationStackOverflowHook)
    i.vListInitialise                        0x08002eb0   Section        0  list.o(i.vListInitialise)
    i.vListInitialiseItem                    0x08002eca   Section        0  list.o(i.vListInitialiseItem)
    i.vListInsert                            0x08002ed0   Section        0  list.o(i.vListInsert)
    i.vListInsertEnd                         0x08002f04   Section        0  list.o(i.vListInsertEnd)
    i.vPortEnterCritical                     0x08002f1c   Section        0  port.o(i.vPortEnterCritical)
    i.vPortExitCritical                      0x08002f60   Section        0  port.o(i.vPortExitCritical)
    i.vPortFree                              0x08002f8c   Section        0  heap_4.o(i.vPortFree)
    i.vPortSetupTimerInterrupt               0x08003004   Section        0  port.o(i.vPortSetupTimerInterrupt)
    i.vPortValidateInterruptPriority         0x08003024   Section        0  port.o(i.vPortValidateInterruptPriority)
    i.vPortYield                             0x08003080   Section        0  port.o(i.vPortYield)
    i.vTaskDelay                             0x08003098   Section        0  tasks.o(i.vTaskDelay)
    i.vTaskMissedYield                       0x08003108   Section        0  tasks.o(i.vTaskMissedYield)
    i.vTaskPlaceOnEventList                  0x08003114   Section        0  tasks.o(i.vTaskPlaceOnEventList)
    i.vTaskPriorityInherit                   0x08003184   Section        0  tasks.o(i.vTaskPriorityInherit)
    i.vTaskSetTimeOutState                   0x08003234   Section        0  tasks.o(i.vTaskSetTimeOutState)
    i.vTaskStartScheduler                    0x08003258   Section        0  tasks.o(i.vTaskStartScheduler)
    i.vTaskSuspendAll                        0x080032b8   Section        0  tasks.o(i.vTaskSuspendAll)
    i.vTaskSwitchContext                     0x080032c8   Section        0  tasks.o(i.vTaskSwitchContext)
    i.xPortStartScheduler                    0x08003364   Section        0  port.o(i.xPortStartScheduler)
    i.xPortSysTickHandler                    0x08003404   Section        0  port.o(i.xPortSysTickHandler)
    i.xQueueCreateCountingSemaphore          0x08003424   Section        0  queue.o(i.xQueueCreateCountingSemaphore)
    i.xQueueGenericCreate                    0x0800346e   Section        0  queue.o(i.xQueueGenericCreate)
    i.xQueueGenericReceive                   0x080034d8   Section        0  queue.o(i.xQueueGenericReceive)
    i.xQueueGenericReset                     0x08003632   Section        0  queue.o(i.xQueueGenericReset)
    i.xQueueGenericSend                      0x080036aa   Section        0  queue.o(i.xQueueGenericSend)
    i.xQueueGiveFromISR                      0x080037ec   Section        0  queue.o(i.xQueueGiveFromISR)
    i.xQueueReceiveFromISR                   0x08003880   Section        0  queue.o(i.xQueueReceiveFromISR)
    i.xTaskCheckForTimeOut                   0x08003908   Section        0  tasks.o(i.xTaskCheckForTimeOut)
    i.xTaskGenericCreate                     0x0800397c   Section        0  tasks.o(i.xTaskGenericCreate)
    i.xTaskGetSchedulerState                 0x08003ab4   Section        0  tasks.o(i.xTaskGetSchedulerState)
    i.xTaskGetTickCount                      0x08003ad4   Section        0  tasks.o(i.xTaskGetTickCount)
    i.xTaskGetTickCountFromISR               0x08003ae0   Section        0  tasks.o(i.xTaskGetTickCountFromISR)
    i.xTaskIncrementTick                     0x08003af4   Section        0  tasks.o(i.xTaskIncrementTick)
    i.xTaskPriorityDisinherit                0x08003c30   Section        0  tasks.o(i.xTaskPriorityDisinherit)
    i.xTaskRemoveFromEventList               0x08003cdc   Section        0  tasks.o(i.xTaskRemoveFromEventList)
    i.xTaskResumeAll                         0x08003d68   Section        0  tasks.o(i.xTaskResumeAll)
    .constdata                               0x08003e50   Section       24  system_stm32f1xx.o(.constdata)
    .constdata                               0x08003e68   Section       24  stm3210c_wkxboot.o(.constdata)
    .constdata                               0x08003e80   Section       64  main.o(.constdata)
    .conststring                             0x08003ec0   Section      148  main.o(.conststring)
    .data                                    0x20000000   Section        4  stm32f1xx_hal.o(.data)
    uwTick                                   0x20000000   Data           4  stm32f1xx_hal.o(.data)
    .data                                    0x20000004   Section        4  system_stm32f1xx.o(.data)
    .data                                    0x20000008   Section       40  stm3210c_wkxboot.o(.data)
    .data                                    0x20000030   Section       56  tasks.o(.data)
    pxDelayedTaskList                        0x20000034   Data           4  tasks.o(.data)
    pxOverflowDelayedTaskList                0x20000038   Data           4  tasks.o(.data)
    uxTasksDeleted                           0x2000003c   Data           4  tasks.o(.data)
    uxCurrentNumberOfTasks                   0x20000040   Data           4  tasks.o(.data)
    xTickCount                               0x20000044   Data           4  tasks.o(.data)
    uxTopReadyPriority                       0x20000048   Data           4  tasks.o(.data)
    xSchedulerRunning                        0x2000004c   Data           4  tasks.o(.data)
    uxPendedTicks                            0x20000050   Data           4  tasks.o(.data)
    xYieldPending                            0x20000054   Data           4  tasks.o(.data)
    xNumOfOverflows                          0x20000058   Data           4  tasks.o(.data)
    uxTaskNumber                             0x2000005c   Data           4  tasks.o(.data)
    xNextTaskUnblockTime                     0x20000060   Data           4  tasks.o(.data)
    uxSchedulerSuspended                     0x20000064   Data           4  tasks.o(.data)
    .data                                    0x20000068   Section       24  main.o(.data)
    .data                                    0x20000080   Section       24  heap_4.o(.data)
    xStart                                   0x20000080   Data           8  heap_4.o(.data)
    pxEnd                                    0x20000088   Data           4  heap_4.o(.data)
    xFreeBytesRemaining                      0x2000008c   Data           4  heap_4.o(.data)
    xMinimumEverFreeBytesRemaining           0x20000090   Data           4  heap_4.o(.data)
    xBlockAllocatedBit                       0x20000094   Data           4  heap_4.o(.data)
    .data                                    0x20000098   Section       12  port.o(.data)
    uxCriticalNesting                        0x20000098   Data           4  port.o(.data)
    ucMaxSysCallPriority                     0x2000009c   Data           1  port.o(.data)
    ulMaxPRIGROUPValue                       0x200000a0   Data           4  port.o(.data)
    .data                                    0x200000a4   Section        4  stdout.o(.data)
    .bss                                     0x200000a8   Section      240  tasks.o(.bss)
    pxReadyTasksLists                        0x200000a8   Data         140  tasks.o(.bss)
    xDelayedTaskList1                        0x20000134   Data          20  tasks.o(.bss)
    xDelayedTaskList2                        0x20000148   Data          20  tasks.o(.bss)
    xPendingReadyList                        0x2000015c   Data          20  tasks.o(.bss)
    xTasksWaitingTermination                 0x20000170   Data          20  tasks.o(.bss)
    xSuspendedTaskList                       0x20000184   Data          20  tasks.o(.bss)
    .bss                                     0x20000198   Section      120  main.o(.bss)
    .bss                                     0x20000210   Section    10240  heap_4.o(.bss)
    ucHeap                                   0x20000210   Data       10240  heap_4.o(.bss)
    STACK                                    0x20002a10   Section     1024  startup_stm32f103xb.o(STACK)

    Global Symbols

    Symbol Name                              Value     Ov Type        Size  Object(Section)

    BuildAttributes$$THM_ISAv4$P$D$K$B$S$PE$A:L22UL41UL21$X:L11$S22US41US21$IEEE1$IW$USESV6$~STKCKD$USESV7$~SHL$OSPACE$ROPI$EBA8$MICROLIB$REQ8$PRES8$EABIv2 0x00000000   Number         0  anon$$obj.o ABSOLUTE
    __ARM_use_no_argv                        0x00000000   Number         0  main.o ABSOLUTE
    _printf_a                                0x00000000   Number         0  stubs.o ABSOLUTE
    _printf_c                                0x00000000   Number         0  stubs.o ABSOLUTE
    _printf_charcount                        0x00000000   Number         0  stubs.o ABSOLUTE
    _printf_d                                0x00000000   Number         0  stubs.o ABSOLUTE
    _printf_e                                0x00000000   Number         0  stubs.o ABSOLUTE
    _printf_f                                0x00000000   Number         0  stubs.o ABSOLUTE
    _printf_flags                            0x00000000   Number         0  stubs.o ABSOLUTE
    _printf_fp_dec                           0x00000000   Number         0  stubs.o ABSOLUTE
    _printf_fp_hex                           0x00000000   Number         0  stubs.o ABSOLUTE
    _printf_g                                0x00000000   Number         0  stubs.o ABSOLUTE
    _printf_i                                0x00000000   Number         0  stubs.o ABSOLUTE
    _printf_int_dec                          0x00000000   Number         0  stubs.o ABSOLUTE
    _printf_l                                0x00000000   Number         0  stubs.o ABSOLUTE
    _printf_lc                               0x00000000   Number         0  stubs.o ABSOLUTE
    _printf_ll                               0x00000000   Number         0  stubs.o ABSOLUTE
    _printf_lld                              0x00000000   Number         0  stubs.o ABSOLUTE
    _printf_lli                              0x00000000   Number         0  stubs.o ABSOLUTE
    _printf_llo                              0x00000000   Number         0  stubs.o ABSOLUTE
    _printf_llu                              0x00000000   Number         0  stubs.o ABSOLUTE
    _printf_llx                              0x00000000   Number         0  stubs.o ABSOLUTE
    _printf_longlong_dec                     0x00000000   Number         0  stubs.o ABSOLUTE
    _printf_longlong_hex                     0x00000000   Number         0  stubs.o ABSOLUTE
    _printf_longlong_oct                     0x00000000   Number         0  stubs.o ABSOLUTE
    _printf_ls                               0x00000000   Number         0  stubs.o ABSOLUTE
    _printf_mbtowc                           0x00000000   Number         0  stubs.o ABSOLUTE
    _printf_n                                0x00000000   Number         0  stubs.o ABSOLUTE
    _printf_o                                0x00000000   Number         0  stubs.o ABSOLUTE
    _printf_p                                0x00000000   Number         0  stubs.o ABSOLUTE
    _printf_percent                          0x00000000   Number         0  stubs.o ABSOLUTE
    _printf_pre_padding                      0x00000000   Number         0  stubs.o ABSOLUTE
    _printf_return_value                     0x00000000   Number         0  stubs.o ABSOLUTE
    _printf_s                                0x00000000   Number         0  stubs.o ABSOLUTE
    _printf_sizespec                         0x00000000   Number         0  stubs.o ABSOLUTE
    _printf_str                              0x00000000   Number         0  stubs.o ABSOLUTE
    _printf_truncate_signed                  0x00000000   Number         0  stubs.o ABSOLUTE
    _printf_truncate_unsigned                0x00000000   Number         0  stubs.o ABSOLUTE
    _printf_u                                0x00000000   Number         0  stubs.o ABSOLUTE
    _printf_wc                               0x00000000   Number         0  stubs.o ABSOLUTE
    _printf_wctomb                           0x00000000   Number         0  stubs.o ABSOLUTE
    _printf_widthprec                        0x00000000   Number         0  stubs.o ABSOLUTE
    _printf_x                                0x00000000   Number         0  stubs.o ABSOLUTE
    __cpp_initialize__aeabi_                  - Undefined Weak Reference
    __cxa_finalize                            - Undefined Weak Reference
    __decompress                              - Undefined Weak Reference
    _clock_init                               - Undefined Weak Reference
    _microlib_exit                            - Undefined Weak Reference
    __Vectors_Size                           0x000000ec   Number         0  startup_stm32f103xb.o ABSOLUTE
    __Vectors                                0x08000000   Data           4  startup_stm32f103xb.o(RESET)
    __Vectors_End                            0x080000ec   Data           0  startup_stm32f103xb.o(RESET)
    __main                                   0x080000ed   Thumb Code     0  entry.o(.ARM.Collect$$$$00000000)
    _main_stk                                0x080000ed   Thumb Code     0  entry2.o(.ARM.Collect$$$$00000001)
    _main_scatterload                        0x080000f1   Thumb Code     0  entry5.o(.ARM.Collect$$$$00000004)
    __main_after_scatterload                 0x080000f5   Thumb Code     0  entry5.o(.ARM.Collect$$$$00000004)
    _main_clock                              0x080000f5   Thumb Code     0  entry7b.o(.ARM.Collect$$$$00000008)
    _main_cpp_init                           0x080000f5   Thumb Code     0  entry8b.o(.ARM.Collect$$$$0000000A)
    _main_init                               0x080000f5   Thumb Code     0  entry9a.o(.ARM.Collect$$$$0000000B)
    __rt_final_cpp                           0x080000fd   Thumb Code     0  entry10a.o(.ARM.Collect$$$$0000000D)
    __rt_final_exit                          0x080000fd   Thumb Code     0  entry11a.o(.ARM.Collect$$$$0000000F)
    SVC_Handler                              0x08000101   Thumb Code    32  port.o(.emb_text)
    __asm___6_port_c_39a90d8d__prvStartFirstTask 0x08000125   Thumb Code    28  port.o(.emb_text)
    PendSV_Handler                           0x08000145   Thumb Code    64  port.o(.emb_text)
    ulPortSetInterruptMask                   0x08000189   Thumb Code    14  port.o(.emb_text)
    vPortClearInterruptMask                  0x08000197   Thumb Code     6  port.o(.emb_text)
    vPortGetIPSR                             0x0800019d   Thumb Code     6  port.o(.emb_text)
    Reset_Handler                            0x080001a5   Thumb Code     8  startup_stm32f103xb.o(.text)
    ADC1_2_IRQHandler                        0x080001bf   Thumb Code     0  startup_stm32f103xb.o(.text)
    CAN1_RX1_IRQHandler                      0x080001bf   Thumb Code     0  startup_stm32f103xb.o(.text)
    CAN1_SCE_IRQHandler                      0x080001bf   Thumb Code     0  startup_stm32f103xb.o(.text)
    DMA1_Channel1_IRQHandler                 0x080001bf   Thumb Code     0  startup_stm32f103xb.o(.text)
    DMA1_Channel2_IRQHandler                 0x080001bf   Thumb Code     0  startup_stm32f103xb.o(.text)
    DMA1_Channel3_IRQHandler                 0x080001bf   Thumb Code     0  startup_stm32f103xb.o(.text)
    DMA1_Channel4_IRQHandler                 0x080001bf   Thumb Code     0  startup_stm32f103xb.o(.text)
    DMA1_Channel5_IRQHandler                 0x080001bf   Thumb Code     0  startup_stm32f103xb.o(.text)
    DMA1_Channel6_IRQHandler                 0x080001bf   Thumb Code     0  startup_stm32f103xb.o(.text)
    EXTI0_IRQHandler                         0x080001bf   Thumb Code     0  startup_stm32f103xb.o(.text)
    EXTI15_10_IRQHandler                     0x080001bf   Thumb Code     0  startup_stm32f103xb.o(.text)
    EXTI1_IRQHandler                         0x080001bf   Thumb Code     0  startup_stm32f103xb.o(.text)
    EXTI2_IRQHandler                         0x080001bf   Thumb Code     0  startup_stm32f103xb.o(.text)
    EXTI3_IRQHandler                         0x080001bf   Thumb Code     0  startup_stm32f103xb.o(.text)
    EXTI4_IRQHandler                         0x080001bf   Thumb Code     0  startup_stm32f103xb.o(.text)
    EXTI9_5_IRQHandler                       0x080001bf   Thumb Code     0  startup_stm32f103xb.o(.text)
    FLASH_IRQHandler                         0x080001bf   Thumb Code     0  startup_stm32f103xb.o(.text)
    I2C1_ER_IRQHandler                       0x080001bf   Thumb Code     0  startup_stm32f103xb.o(.text)
    I2C1_EV_IRQHandler                       0x080001bf   Thumb Code     0  startup_stm32f103xb.o(.text)
    I2C2_ER_IRQHandler                       0x080001bf   Thumb Code     0  startup_stm32f103xb.o(.text)
    I2C2_EV_IRQHandler                       0x080001bf   Thumb Code     0  startup_stm32f103xb.o(.text)
    PVD_IRQHandler                           0x080001bf   Thumb Code     0  startup_stm32f103xb.o(.text)
    RCC_IRQHandler                           0x080001bf   Thumb Code     0  startup_stm32f103xb.o(.text)
    RTC_Alarm_IRQHandler                     0x080001bf   Thumb Code     0  startup_stm32f103xb.o(.text)
    RTC_IRQHandler                           0x080001bf   Thumb Code     0  startup_stm32f103xb.o(.text)
    SPI1_IRQHandler                          0x080001bf   Thumb Code     0  startup_stm32f103xb.o(.text)
    SPI2_IRQHandler                          0x080001bf   Thumb Code     0  startup_stm32f103xb.o(.text)
    TAMPER_IRQHandler                        0x080001bf   Thumb Code     0  startup_stm32f103xb.o(.text)
    TIM1_BRK_IRQHandler                      0x080001bf   Thumb Code     0  startup_stm32f103xb.o(.text)
    TIM1_CC_IRQHandler                       0x080001bf   Thumb Code     0  startup_stm32f103xb.o(.text)
    TIM1_TRG_COM_IRQHandler                  0x080001bf   Thumb Code     0  startup_stm32f103xb.o(.text)
    TIM1_UP_IRQHandler                       0x080001bf   Thumb Code     0  startup_stm32f103xb.o(.text)
    TIM2_IRQHandler                          0x080001bf   Thumb Code     0  startup_stm32f103xb.o(.text)
    TIM3_IRQHandler                          0x080001bf   Thumb Code     0  startup_stm32f103xb.o(.text)
    TIM4_IRQHandler                          0x080001bf   Thumb Code     0  startup_stm32f103xb.o(.text)
    USART1_IRQHandler                        0x080001bf   Thumb Code     0  startup_stm32f103xb.o(.text)
    USART3_IRQHandler                        0x080001bf   Thumb Code     0  startup_stm32f103xb.o(.text)
    USBWakeUp_IRQHandler                     0x080001bf   Thumb Code     0  startup_stm32f103xb.o(.text)
    USB_HP_CAN1_TX_IRQHandler                0x080001bf   Thumb Code     0  startup_stm32f103xb.o(.text)
    USB_LP_CAN1_RX0_IRQHandler               0x080001bf   Thumb Code     0  startup_stm32f103xb.o(.text)
    WWDG_IRQHandler                          0x080001bf   Thumb Code     0  startup_stm32f103xb.o(.text)
    __aeabi_memcpy                           0x080001c9   Thumb Code    36  memcpya.o(.text)
    __aeabi_memcpy4                          0x080001c9   Thumb Code     0  memcpya.o(.text)
    __aeabi_memcpy8                          0x080001c9   Thumb Code     0  memcpya.o(.text)
    __aeabi_memset                           0x080001ed   Thumb Code    14  memseta.o(.text)
    __aeabi_memset4                          0x080001ed   Thumb Code     0  memseta.o(.text)
    __aeabi_memset8                          0x080001ed   Thumb Code     0  memseta.o(.text)
    __aeabi_memclr                           0x080001fb   Thumb Code     4  memseta.o(.text)
    __aeabi_memclr4                          0x080001fb   Thumb Code     0  memseta.o(.text)
    __aeabi_memclr8                          0x080001fb   Thumb Code     0  memseta.o(.text)
    _memset$wrapper                          0x080001ff   Thumb Code    18  memseta.o(.text)
    strlen                                   0x08000211   Thumb Code    14  strlen.o(.text)
    __aeabi_uidiv                            0x0800021f   Thumb Code     0  uidiv.o(.text)
    __aeabi_uidivmod                         0x0800021f   Thumb Code    44  uidiv.o(.text)
    __scatterload                            0x0800024d   Thumb Code    28  init.o(.text)
    __scatterload_rt2                        0x0800024d   Thumb Code     0  init.o(.text)
    BSP_LED_Init                             0x08000271   Thumb Code   200  stm3210c_wkxboot.o(i.BSP_LED_Init)
    BSP_LED_Off                              0x08000345   Thumb Code    24  stm3210c_wkxboot.o(i.BSP_LED_Off)
    BSP_LED_Toggle                           0x08000365   Thumb Code    22  stm3210c_wkxboot.o(i.BSP_LED_Toggle)
    BusFault_Handler                         0x08000385   Thumb Code     4  stm32f1xx_it.o(i.BusFault_Handler)
    DMA1_Channel7_IRQHandler                 0x08000389   Thumb Code    12  stm32f1xx_it.o(i.DMA1_Channel7_IRQHandler)
    DebugMon_Handler                         0x080003b9   Thumb Code     2  stm32f1xx_it.o(i.DebugMon_Handler)
    HAL_DMA_IRQHandler                       0x080003c1   Thumb Code   780  stm32f1xx_hal_dma.o(i.HAL_DMA_IRQHandler)
    HAL_DMA_Init                             0x080006d1   Thumb Code    84  stm32f1xx_hal_dma.o(i.HAL_DMA_Init)
    HAL_DMA_Start_IT                         0x08000725   Thumb Code   118  stm32f1xx_hal_dma.o(i.HAL_DMA_Start_IT)
    HAL_Delay                                0x0800079b   Thumb Code    26  stm32f1xx_hal.o(i.HAL_Delay)
    HAL_GPIO_Init                            0x080007b5   Thumb Code   748  stm32f1xx_hal_gpio.o(i.HAL_GPIO_Init)
    HAL_GPIO_TogglePin                       0x08000abd   Thumb Code     8  stm32f1xx_hal_gpio.o(i.HAL_GPIO_TogglePin)
    HAL_GPIO_WritePin                        0x08000ac5   Thumb Code    12  stm32f1xx_hal_gpio.o(i.HAL_GPIO_WritePin)
    HAL_GetTick                              0x08000ad1   Thumb Code     6  stm32f1xx_hal.o(i.HAL_GetTick)
    HAL_IncTick                              0x08000add   Thumb Code    12  stm32f1xx_hal.o(i.HAL_IncTick)
    HAL_Init                                 0x08000aed   Thumb Code    34  stm32f1xx_hal.o(i.HAL_Init)
    HAL_InitTick                             0x08000b15   Thumb Code    36  stm32f1xx_hal.o(i.HAL_InitTick)
    HAL_MspInit                              0x08000b39   Thumb Code     2  stm32f1xx_hal.o(i.HAL_MspInit)
    HAL_NVIC_EnableIRQ                       0x08000b3b   Thumb Code    26  stm32f1xx_hal_cortex.o(i.HAL_NVIC_EnableIRQ)
    HAL_NVIC_SetPriority                     0x08000b55   Thumb Code   124  stm32f1xx_hal_cortex.o(i.HAL_NVIC_SetPriority)
    HAL_NVIC_SetPriorityGrouping             0x08000bd1   Thumb Code    32  stm32f1xx_hal_cortex.o(i.HAL_NVIC_SetPriorityGrouping)
    HAL_RCC_ClockConfig                      0x08000bf9   Thumb Code   648  stm32f1xx_hal_rcc.o(i.HAL_RCC_ClockConfig)
    HAL_RCC_GetHCLKFreq                      0x08000e91   Thumb Code     6  stm32f1xx_hal_rcc.o(i.HAL_RCC_GetHCLKFreq)
    HAL_RCC_GetPCLK1Freq                     0x08000e9d   Thumb Code    36  stm32f1xx_hal_rcc.o(i.HAL_RCC_GetPCLK1Freq)
    HAL_RCC_GetPCLK2Freq                     0x08000ec9   Thumb Code    36  stm32f1xx_hal_rcc.o(i.HAL_RCC_GetPCLK2Freq)
    HAL_RCC_GetSysClockFreq                  0x08000ef5   Thumb Code   146  stm32f1xx_hal_rcc.o(i.HAL_RCC_GetSysClockFreq)
    HAL_RCC_OscConfig                        0x08000fa9   Thumb Code  2164  stm32f1xx_hal_rcc.o(i.HAL_RCC_OscConfig)
    HAL_SYSTICK_Config                       0x08001821   Thumb Code    52  stm32f1xx_hal_cortex.o(i.HAL_SYSTICK_Config)
    HAL_UART_ErrorCallback                   0x08001855   Thumb Code     2  stm32f1xx_hal_uart.o(i.HAL_UART_ErrorCallback)
    HAL_UART_IRQHandler                      0x08001857   Thumb Code   218  stm32f1xx_hal_uart.o(i.HAL_UART_IRQHandler)
    HAL_UART_Init                            0x08001931   Thumb Code   110  stm32f1xx_hal_uart.o(i.HAL_UART_Init)
    HAL_UART_MspInit                         0x080019a1   Thumb Code   126  stm32f1xx_hal_msp.o(i.HAL_UART_MspInit)
    HAL_UART_RxCpltCallback                  0x08001a29   Thumb Code     2  stm32f1xx_hal_uart.o(i.HAL_UART_RxCpltCallback)
    HAL_UART_Transmit                        0x08001a2b   Thumb Code   240  stm32f1xx_hal_uart.o(i.HAL_UART_Transmit)
    HAL_UART_Transmit_DMA                    0x08001b1d   Thumb Code   156  stm32f1xx_hal_uart.o(i.HAL_UART_Transmit_DMA)
    HAL_UART_Transmit_IT                     0x08001bc5   Thumb Code   110  stm32f1xx_hal_uart.o(i.HAL_UART_Transmit_IT)
    HAL_UART_TxCpltCallback                  0x08001c35   Thumb Code    20  main.o(i.HAL_UART_TxCpltCallback)
    HAL_UART_TxHalfCpltCallback              0x08001c69   Thumb Code     2  stm32f1xx_hal_uart.o(i.HAL_UART_TxHalfCpltCallback)
    HardFault_Handler                        0x08001c6b   Thumb Code     4  stm32f1xx_it.o(i.HardFault_Handler)
    MemManage_Handler                        0x08001cbd   Thumb Code     4  stm32f1xx_it.o(i.MemManage_Handler)
    NMI_Handler                              0x08001cc1   Thumb Code     2  stm32f1xx_it.o(i.NMI_Handler)
    SysTick_Handler                          0x08001cfd   Thumb Code    12  stm32f1xx_it.o(i.SysTick_Handler)
    SystemClock_Config                       0x08001d09   Thumb Code    96  main.o(i.SystemClock_Config)
    SystemInit                               0x08001d69   Thumb Code    70  system_stm32f1xx.o(i.SystemInit)
    USART2_IRQHandler                        0x08002249   Thumb Code    10  stm32f1xx_it.o(i.USART2_IRQHandler)
    UsageFault_Handler                       0x08002259   Thumb Code     4  stm32f1xx_it.o(i.UsageFault_Handler)
    __0printf$1                              0x0800225d   Thumb Code    22  printf1.o(i.__0printf$1)
    __1printf$1                              0x0800225d   Thumb Code     0  printf1.o(i.__0printf$1)
    __2printf                                0x0800225d   Thumb Code     0  printf1.o(i.__0printf$1)
    __scatterload_copy                       0x0800227d   Thumb Code    14  handlers.o(i.__scatterload_copy)
    __scatterload_null                       0x0800228b   Thumb Code     2  handlers.o(i.__scatterload_null)
    __scatterload_zeroinit                   0x0800228d   Thumb Code    14  handlers.o(i.__scatterload_zeroinit)
    fputc                                    0x08002451   Thumb Code    22  main.o(i.fputc)
    main                                     0x0800247d   Thumb Code   306  main.o(i.main)
    osDelay                                  0x0800267b   Thumb Code    24  cmsis_os.o(i.osDelay)
    osKernelStart                            0x08002693   Thumb Code    10  cmsis_os.o(i.osKernelStart)
    osKernelSysTick                          0x0800269d   Thumb Code    20  cmsis_os.o(i.osKernelSysTick)
    osSemaphoreCreate                        0x080026b1   Thumb Code    50  cmsis_os.o(i.osSemaphoreCreate)
    osSemaphoreRelease                       0x080026e5   Thumb Code    68  cmsis_os.o(i.osSemaphoreRelease)
    osSemaphoreWait                          0x0800272d   Thumb Code    96  cmsis_os.o(i.osSemaphoreWait)
    osSystickHandler                         0x08002791   Thumb Code    16  cmsis_os.o(i.osSystickHandler)
    osThreadCreate                           0x080027a1   Thumb Code    58  cmsis_os.o(i.osThreadCreate)
    pvPortMalloc                             0x08002c6d   Thumb Code   254  heap_4.o(i.pvPortMalloc)
    pvTaskIncrementMutexHeldCount            0x08002d81   Thumb Code    26  tasks.o(i.pvTaskIncrementMutexHeldCount)
    pxPortInitialiseStack                    0x08002da1   Thumb Code    26  port.o(i.pxPortInitialiseStack)
    uxListRemove                             0x08002e6d   Thumb Code    40  list.o(i.uxListRemove)
    vApplicationStackOverflowHook            0x08002e95   Thumb Code    14  main.o(i.vApplicationStackOverflowHook)
    vListInitialise                          0x08002eb1   Thumb Code    26  list.o(i.vListInitialise)
    vListInitialiseItem                      0x08002ecb   Thumb Code     6  list.o(i.vListInitialiseItem)
    vListInsert                              0x08002ed1   Thumb Code    52  list.o(i.vListInsert)
    vListInsertEnd                           0x08002f05   Thumb Code    24  list.o(i.vListInsertEnd)
    vPortEnterCritical                       0x08002f1d   Thumb Code    58  port.o(i.vPortEnterCritical)
    vPortExitCritical                        0x08002f61   Thumb Code    40  port.o(i.vPortExitCritical)
    vPortFree                                0x08002f8d   Thumb Code   112  heap_4.o(i.vPortFree)
    vPortSetupTimerInterrupt                 0x08003005   Thumb Code    26  port.o(i.vPortSetupTimerInterrupt)
    vPortValidateInterruptPriority           0x08003025   Thumb Code    78  port.o(i.vPortValidateInterruptPriority)
    vPortYield                               0x08003081   Thumb Code    18  port.o(i.vPortYield)
    vTaskDelay                               0x08003099   Thumb Code    94  tasks.o(i.vTaskDelay)
    vTaskMissedYield                         0x08003109   Thumb Code     8  tasks.o(i.vTaskMissedYield)
    vTaskPlaceOnEventList                    0x08003115   Thumb Code    94  tasks.o(i.vTaskPlaceOnEventList)
    vTaskPriorityInherit                     0x08003185   Thumb Code   164  tasks.o(i.vTaskPriorityInherit)
    vTaskSetTimeOutState                     0x08003235   Thumb Code    28  tasks.o(i.vTaskSetTimeOutState)
    vTaskStartScheduler                      0x08003259   Thumb Code    70  tasks.o(i.vTaskStartScheduler)
    vTaskSuspendAll                          0x080032b9   Thumb Code    12  tasks.o(i.vTaskSuspendAll)
    vTaskSwitchContext                       0x080032c9   Thumb Code   134  tasks.o(i.vTaskSwitchContext)
    xPortStartScheduler                      0x08003365   Thumb Code   140  port.o(i.xPortStartScheduler)
    xPortSysTickHandler                      0x08003405   Thumb Code    28  port.o(i.xPortSysTickHandler)
    xQueueCreateCountingSemaphore            0x08003425   Thumb Code    74  queue.o(i.xQueueCreateCountingSemaphore)
    xQueueGenericCreate                      0x0800346f   Thumb Code   106  queue.o(i.xQueueGenericCreate)
    xQueueGenericReceive                     0x080034d9   Thumb Code   346  queue.o(i.xQueueGenericReceive)
    xQueueGenericReset                       0x08003633   Thumb Code   120  queue.o(i.xQueueGenericReset)
    xQueueGenericSend                        0x080036ab   Thumb Code   322  queue.o(i.xQueueGenericSend)
    xQueueGiveFromISR                        0x080037ed   Thumb Code   148  queue.o(i.xQueueGiveFromISR)
    xQueueReceiveFromISR                     0x08003881   Thumb Code   136  queue.o(i.xQueueReceiveFromISR)
    xTaskCheckForTimeOut                     0x08003909   Thumb Code   108  tasks.o(i.xTaskCheckForTimeOut)
    xTaskGenericCreate                       0x0800397d   Thumb Code   288  tasks.o(i.xTaskGenericCreate)
    xTaskGetSchedulerState                   0x08003ab5   Thumb Code    24  tasks.o(i.xTaskGetSchedulerState)
    xTaskGetTickCount                        0x08003ad5   Thumb Code     6  tasks.o(i.xTaskGetTickCount)
    xTaskGetTickCountFromISR                 0x08003ae1   Thumb Code    16  tasks.o(i.xTaskGetTickCountFromISR)
    xTaskIncrementTick                       0x08003af5   Thumb Code   272  tasks.o(i.xTaskIncrementTick)
    xTaskPriorityDisinherit                  0x08003c31   Thumb Code   160  tasks.o(i.xTaskPriorityDisinherit)
    xTaskRemoveFromEventList                 0x08003cdd   Thumb Code   114  tasks.o(i.xTaskRemoveFromEventList)
    xTaskResumeAll                           0x08003d69   Thumb Code   200  tasks.o(i.xTaskResumeAll)
    AHBPrescTable                            0x08003e50   Data          16  system_stm32f1xx.o(.constdata)
    APBPrescTable                            0x08003e60   Data           8  system_stm32f1xx.o(.constdata)
    LED_PIN                                  0x08003e68   Data           8  stm3210c_wkxboot.o(.constdata)
    BUTTON_PIN                               0x08003e70   Data           6  stm3210c_wkxboot.o(.constdata)
    BUTTON_IRQn                              0x08003e76   Data           6  stm3210c_wkxboot.o(.constdata)
    COM_TX_PIN                               0x08003e7c   Data           2  stm3210c_wkxboot.o(.constdata)
    COM_RX_PIN                               0x08003e7e   Data           2  stm3210c_wkxboot.o(.constdata)
    os_semaphore_def_def_uart                0x08003e80   Data           4  main.o(.constdata)
    Region$$Table$$Base                      0x08003f54   Number         0  anon$$obj.o(Region$$Table)
    Region$$Table$$Limit                     0x08003f74   Number         0  anon$$obj.o(Region$$Table)
    SystemCoreClock                          0x20000004   Data           4  system_stm32f1xx.o(.data)
    LED_PORT                                 0x20000008   Data          16  stm3210c_wkxboot.o(.data)
    BUTTON_PORT                              0x20000018   Data          12  stm3210c_wkxboot.o(.data)
    COM_USART                                0x20000024   Data           4  stm3210c_wkxboot.o(.data)
    COM_TX_PORT                              0x20000028   Data           4  stm3210c_wkxboot.o(.data)
    COM_RX_PORT                              0x2000002c   Data           4  stm3210c_wkxboot.o(.data)
    pxCurrentTCB                             0x20000030   Data           4  tasks.o(.data)
    LEDThread1Handle                         0x20000068   Data           4  main.o(.data)
    uart_dma_ThreadHandle                    0x2000006c   Data           4  main.o(.data)
    uart_it_ThreadHandle                     0x20000070   Data           4  main.o(.data)
    string1                                  0x20000074   Data           4  main.o(.data)
    string2                                  0x20000078   Data           4  main.o(.data)
    sem_uart                                 0x2000007c   Data           4  main.o(.data)
    __stdout                                 0x200000a4   Data           4  stdout.o(.data)
    UartHandle                               0x20000198   Data          64  main.o(.bss)
    dma_handle                               0x200001d8   Data          56  main.o(.bss)
    __initial_sp                             0x20002e10   Data           0  startup_stm32f103xb.o(STACK)



==============================================================================

Memory Map of the image

  Image Entry point : 0x080000ed

  Load Region LR_IROM1 (Base: 0x08000000, Size: 0x0000401c, Max: 0x00010000, ABSOLUTE)

    Execution Region ER_IROM1 (Base: 0x08000000, Size: 0x00003f74, Max: 0x00010000, ABSOLUTE)

    Base Addr    Size         Type   Attr      Idx    E Section Name        Object

    0x08000000   0x000000ec   Data   RO         2126    RESET               startup_stm32f103xb.o
    0x080000ec   0x00000000   Code   RO         2257  * .ARM.Collect$$$$00000000  mc_w.l(entry.o)
    0x080000ec   0x00000004   Code   RO         2529    .ARM.Collect$$$$00000001  mc_w.l(entry2.o)
    0x080000f0   0x00000004   Code   RO         2532    .ARM.Collect$$$$00000004  mc_w.l(entry5.o)
    0x080000f4   0x00000000   Code   RO         2534    .ARM.Collect$$$$00000008  mc_w.l(entry7b.o)
    0x080000f4   0x00000000   Code   RO         2536    .ARM.Collect$$$$0000000A  mc_w.l(entry8b.o)
    0x080000f4   0x00000008   Code   RO         2537    .ARM.Collect$$$$0000000B  mc_w.l(entry9a.o)
    0x080000fc   0x00000000   Code   RO         2539    .ARM.Collect$$$$0000000D  mc_w.l(entry10a.o)
    0x080000fc   0x00000000   Code   RO         2541    .ARM.Collect$$$$0000000F  mc_w.l(entry11a.o)
    0x080000fc   0x00000004   Code   RO         2530    .ARM.Collect$$$$00002712  mc_w.l(entry2.o)
    0x08000100   0x000000a2   Code   RO         2180    .emb_text           port.o
    0x080001a2   0x00000002   PAD
    0x080001a4   0x00000024   Code   RO         2127    .text               startup_stm32f103xb.o
    0x080001c8   0x00000024   Code   RO         2260    .text               mc_w.l(memcpya.o)
    0x080001ec   0x00000024   Code   RO         2262    .text               mc_w.l(memseta.o)
    0x08000210   0x0000000e   Code   RO         2264    .text               mc_w.l(strlen.o)
    0x0800021e   0x0000002c   Code   RO         2544    .text               mc_w.l(uidiv.o)
    0x0800024a   0x00000002   PAD
    0x0800024c   0x00000024   Code   RO         2559    .text               mc_w.l(init.o)
    0x08000270   0x000000d4   Code   RO         1288    i.BSP_LED_Init      stm3210c_wkxboot.o
    0x08000344   0x00000020   Code   RO         1289    i.BSP_LED_Off       stm3210c_wkxboot.o
    0x08000364   0x00000020   Code   RO         1291    i.BSP_LED_Toggle    stm3210c_wkxboot.o
    0x08000384   0x00000004   Code   RO         2021    i.BusFault_Handler  stm32f1xx_it.o
    0x08000388   0x00000010   Code   RO         2022    i.DMA1_Channel7_IRQHandler  stm32f1xx_it.o
    0x08000398   0x00000020   Code   RO         1172    i.DMA_SetConfig     stm32f1xx_hal_dma.o
    0x080003b8   0x00000002   Code   RO         2023    i.DebugMon_Handler  stm32f1xx_it.o
    0x080003ba   0x00000004   Code   RO         1911    i.Error_Handler     main.o
    0x080003be   0x00000002   PAD
    0x080003c0   0x00000310   Code   RO         1177    i.HAL_DMA_IRQHandler  stm32f1xx_hal_dma.o
    0x080006d0   0x00000054   Code   RO         1178    i.HAL_DMA_Init      stm32f1xx_hal_dma.o
    0x08000724   0x00000076   Code   RO         1181    i.HAL_DMA_Start_IT  stm32f1xx_hal_dma.o
    0x0800079a   0x0000001a   Code   RO          785    i.HAL_Delay         stm32f1xx_hal.o
    0x080007b4   0x00000308   Code   RO          679    i.HAL_GPIO_Init     stm32f1xx_hal_gpio.o
    0x08000abc   0x00000008   Code   RO          682    i.HAL_GPIO_TogglePin  stm32f1xx_hal_gpio.o
    0x08000ac4   0x0000000c   Code   RO          683    i.HAL_GPIO_WritePin  stm32f1xx_hal_gpio.o
    0x08000ad0   0x0000000c   Code   RO          789    i.HAL_GetTick       stm32f1xx_hal.o
    0x08000adc   0x00000010   Code   RO          790    i.HAL_IncTick       stm32f1xx_hal.o
    0x08000aec   0x00000028   Code   RO          791    i.HAL_Init          stm32f1xx_hal.o
    0x08000b14   0x00000024   Code   RO          792    i.HAL_InitTick      stm32f1xx_hal.o
    0x08000b38   0x00000002   Code   RO          794    i.HAL_MspInit       stm32f1xx_hal.o
    0x08000b3a   0x0000001a   Code   RO          556    i.HAL_NVIC_EnableIRQ  stm32f1xx_hal_cortex.o
    0x08000b54   0x0000007c   Code   RO          562    i.HAL_NVIC_SetPriority  stm32f1xx_hal_cortex.o
    0x08000bd0   0x00000028   Code   RO          563    i.HAL_NVIC_SetPriorityGrouping  stm32f1xx_hal_cortex.o
    0x08000bf8   0x00000298   Code   RO          383    i.HAL_RCC_ClockConfig  stm32f1xx_hal_rcc.o
    0x08000e90   0x0000000c   Code   RO          388    i.HAL_RCC_GetHCLKFreq  stm32f1xx_hal_rcc.o
    0x08000e9c   0x0000002c   Code   RO          390    i.HAL_RCC_GetPCLK1Freq  stm32f1xx_hal_rcc.o
    0x08000ec8   0x0000002c   Code   RO          391    i.HAL_RCC_GetPCLK2Freq  stm32f1xx_hal_rcc.o
    0x08000ef4   0x000000b4   Code   RO          392    i.HAL_RCC_GetSysClockFreq  stm32f1xx_hal_rcc.o
    0x08000fa8   0x00000878   Code   RO          395    i.HAL_RCC_OscConfig  stm32f1xx_hal_rcc.o
    0x08001820   0x00000034   Code   RO          567    i.HAL_SYSTICK_Config  stm32f1xx_hal_cortex.o
    0x08001854   0x00000002   Code   RO          942    i.HAL_UART_ErrorCallback  stm32f1xx_hal_uart.o
    0x08001856   0x000000da   Code   RO          945    i.HAL_UART_IRQHandler  stm32f1xx_hal_uart.o
    0x08001930   0x0000006e   Code   RO          946    i.HAL_UART_Init     stm32f1xx_hal_uart.o
    0x0800199e   0x00000002   PAD
    0x080019a0   0x00000088   Code   RO         2098    i.HAL_UART_MspInit  stm32f1xx_hal_msp.o
    0x08001a28   0x00000002   Code   RO          952    i.HAL_UART_RxCpltCallback  stm32f1xx_hal_uart.o
    0x08001a2a   0x000000f0   Code   RO          954    i.HAL_UART_Transmit  stm32f1xx_hal_uart.o
    0x08001b1a   0x00000002   PAD
    0x08001b1c   0x000000a8   Code   RO          955    i.HAL_UART_Transmit_DMA  stm32f1xx_hal_uart.o
    0x08001bc4   0x0000006e   Code   RO          956    i.HAL_UART_Transmit_IT  stm32f1xx_hal_uart.o
    0x08001c32   0x00000002   PAD
    0x08001c34   0x00000034   Code   RO         1912    i.HAL_UART_TxCpltCallback  main.o
    0x08001c68   0x00000002   Code   RO          958    i.HAL_UART_TxHalfCpltCallback  stm32f1xx_hal_uart.o
    0x08001c6a   0x00000004   Code   RO         2024    i.HardFault_Handler  stm32f1xx_it.o
    0x08001c6e   0x0000004e   Code   RO         1913    i.LED_Thread1       main.o
    0x08001cbc   0x00000004   Code   RO         2025    i.MemManage_Handler  stm32f1xx_it.o
    0x08001cc0   0x00000002   Code   RO         2026    i.NMI_Handler       stm32f1xx_it.o
    0x08001cc2   0x00000002   PAD
    0x08001cc4   0x00000010   Code   RO          569    i.NVIC_GetPriorityGrouping  stm32f1xx_hal_cortex.o
    0x08001cd4   0x00000028   Code   RO          570    i.NVIC_SetPriority  stm32f1xx_hal_cortex.o
    0x08001cfc   0x0000000c   Code   RO         2027    i.SysTick_Handler   stm32f1xx_it.o
    0x08001d08   0x00000060   Code   RO         1914    i.SystemClock_Config  main.o
    0x08001d68   0x00000058   Code   RO         1250    i.SystemInit        system_stm32f1xx.o
    0x08001dc0   0x00000022   Code   RO          959    i.UART_DMAError     stm32f1xx_hal_uart.o
    0x08001de2   0x00000036   Code   RO          962    i.UART_DMATransmitCplt  stm32f1xx_hal_uart.o
    0x08001e18   0x0000000e   Code   RO          963    i.UART_DMATxHalfCplt  stm32f1xx_hal_uart.o
    0x08001e26   0x00000030   Code   RO          964    i.UART_EndTransmit_IT  stm32f1xx_hal_uart.o
    0x08001e56   0x000000bc   Code   RO          965    i.UART_Receive_IT   stm32f1xx_hal_uart.o
    0x08001f12   0x00000002   PAD
    0x08001f14   0x000001c8   Code   RO          966    i.UART_SetConfig    stm32f1xx_hal_uart.o
    0x080020dc   0x00000070   Code   RO          967    i.UART_Transmit_IT  stm32f1xx_hal_uart.o
    0x0800214c   0x000000fa   Code   RO          968    i.UART_WaitOnFlagUntilTimeout  stm32f1xx_hal_uart.o
    0x08002246   0x00000002   PAD
    0x08002248   0x00000010   Code   RO         2028    i.USART2_IRQHandler  stm32f1xx_it.o
    0x08002258   0x00000004   Code   RO         2029    i.UsageFault_Handler  stm32f1xx_it.o
    0x0800225c   0x00000020   Code   RO         2313    i.__0printf$1       mc_w.l(printf1.o)
    0x0800227c   0x0000000e   Code   RO         2571    i.__scatterload_copy  mc_w.l(handlers.o)
    0x0800228a   0x00000002   Code   RO         2572    i.__scatterload_null  mc_w.l(handlers.o)
    0x0800228c   0x0000000e   Code   RO         2573    i.__scatterload_zeroinit  mc_w.l(handlers.o)
    0x0800229a   0x00000002   PAD
    0x0800229c   0x00000154   Code   RO         2320    i._printf_core      mc_w.l(printf1.o)
    0x080023f0   0x00000020   Code   RO         1915    i.dma_transmit_complete_cb  main.o
    0x08002410   0x00000020   Code   RO         1916    i.dma_transmit_error_cb  main.o
    0x08002430   0x00000020   Code   RO         1917    i.dma_transmit_half_cb  main.o
    0x08002450   0x0000001c   Code   RO         1918    i.fputc             main.o
    0x0800246c   0x00000010   Code   RO            1    i.inHandlerMode     cmsis_os.o
    0x0800247c   0x000001f0   Code   RO         1919    i.main              main.o
    0x0800266c   0x0000000e   Code   RO            3    i.makeFreeRtosPriority  cmsis_os.o
    0x0800267a   0x00000018   Code   RO            4    i.osDelay           cmsis_os.o
    0x08002692   0x0000000a   Code   RO            7    i.osKernelStart     cmsis_os.o
    0x0800269c   0x00000014   Code   RO            8    i.osKernelSysTick   cmsis_os.o
    0x080026b0   0x00000032   Code   RO           30    i.osSemaphoreCreate  cmsis_os.o
    0x080026e2   0x00000002   PAD
    0x080026e4   0x00000048   Code   RO           32    i.osSemaphoreRelease  cmsis_os.o
    0x0800272c   0x00000064   Code   RO           33    i.osSemaphoreWait   cmsis_os.o
    0x08002790   0x00000010   Code   RO           36    i.osSystickHandler  cmsis_os.o
    0x080027a0   0x0000003a   Code   RO           37    i.osThreadCreate    cmsis_os.o
    0x080027da   0x00000002   PAD
    0x080027dc   0x00000054   Code   RO         1402    i.prvAddCurrentTaskToDelayedList  tasks.o
    0x08002830   0x00000042   Code   RO         1403    i.prvAllocateTCBAndStack  tasks.o
    0x08002872   0x00000002   PAD
    0x08002874   0x00000064   Code   RO         1404    i.prvCheckTasksWaitingTermination  tasks.o
    0x080028d8   0x0000002a   Code   RO         1730    i.prvCopyDataFromQueue  queue.o
    0x08002902   0x00000080   Code   RO         1731    i.prvCopyDataToQueue  queue.o
    0x08002982   0x00000012   Code   RO         1405    i.prvDeleteTCB      tasks.o
    0x08002994   0x0000007c   Code   RO         2131    i.prvHeapInit       heap_4.o
    0x08002a10   0x00000018   Code   RO         1406    i.prvIdleTask       tasks.o
    0x08002a28   0x00000062   Code   RO         1407    i.prvInitialiseTCBVariables  tasks.o
    0x08002a8a   0x00000002   PAD
    0x08002a8c   0x00000068   Code   RO         1408    i.prvInitialiseTaskLists  tasks.o
    0x08002af4   0x00000068   Code   RO         2132    i.prvInsertBlockIntoFreeList  heap_4.o
    0x08002b5c   0x0000001a   Code   RO         1732    i.prvIsQueueEmpty   queue.o
    0x08002b76   0x0000001e   Code   RO         1733    i.prvIsQueueFull    queue.o
    0x08002b94   0x00000034   Code   RO         1410    i.prvResetNextTaskUnblockTime  tasks.o
    0x08002bc8   0x00000024   Code   RO         2181    i.prvTaskExitError  port.o
    0x08002bec   0x0000007e   Code   RO         1734    i.prvUnlockQueue    queue.o
    0x08002c6a   0x00000002   PAD
    0x08002c6c   0x00000114   Code   RO         2133    i.pvPortMalloc      heap_4.o
    0x08002d80   0x00000020   Code   RO         1413    i.pvTaskIncrementMutexHeldCount  tasks.o
    0x08002da0   0x00000020   Code   RO         2182    i.pxPortInitialiseStack  port.o
    0x08002dc0   0x00000038   Code   RO         1920    i.uart_dma_Thread   main.o
    0x08002df8   0x00000074   Code   RO         1921    i.uart_it_Thread    main.o
    0x08002e6c   0x00000028   Code   RO         1356    i.uxListRemove      list.o
    0x08002e94   0x0000001c   Code   RO         1922    i.vApplicationStackOverflowHook  main.o
    0x08002eb0   0x0000001a   Code   RO         1357    i.vListInitialise   list.o
    0x08002eca   0x00000006   Code   RO         1358    i.vListInitialiseItem  list.o
    0x08002ed0   0x00000034   Code   RO         1359    i.vListInsert       list.o
    0x08002f04   0x00000018   Code   RO         1360    i.vListInsertEnd    list.o
    0x08002f1c   0x00000044   Code   RO         2184    i.vPortEnterCritical  port.o
    0x08002f60   0x0000002c   Code   RO         2185    i.vPortExitCritical  port.o
    0x08002f8c   0x00000078   Code   RO         2134    i.vPortFree         heap_4.o
    0x08003004   0x00000020   Code   RO         2186    i.vPortSetupTimerInterrupt  port.o
    0x08003024   0x0000005c   Code   RO         2187    i.vPortValidateInterruptPriority  port.o
    0x08003080   0x00000018   Code   RO         2188    i.vPortYield        port.o
    0x08003098   0x00000070   Code   RO         1421    i.vTaskDelay        tasks.o
    0x08003108   0x0000000c   Code   RO         1425    i.vTaskMissedYield  tasks.o
    0x08003114   0x00000070   Code   RO         1427    i.vTaskPlaceOnEventList  tasks.o
    0x08003184   0x000000b0   Code   RO         1429    i.vTaskPriorityInherit  tasks.o
    0x08003234   0x00000024   Code   RO         1433    i.vTaskSetTimeOutState  tasks.o
    0x08003258   0x00000060   Code   RO         1434    i.vTaskStartScheduler  tasks.o
    0x080032b8   0x00000010   Code   RO         1436    i.vTaskSuspendAll   tasks.o
    0x080032c8   0x0000009c   Code   RO         1437    i.vTaskSwitchContext  tasks.o
    0x08003364   0x000000a0   Code   RO         2189    i.xPortStartScheduler  port.o
    0x08003404   0x00000020   Code   RO         2190    i.xPortSysTickHandler  port.o
    0x08003424   0x0000004a   Code   RO         1744    i.xQueueCreateCountingSemaphore  queue.o
    0x0800346e   0x0000006a   Code   RO         1746    i.xQueueGenericCreate  queue.o
    0x080034d8   0x0000015a   Code   RO         1747    i.xQueueGenericReceive  queue.o
    0x08003632   0x00000078   Code   RO         1748    i.xQueueGenericReset  queue.o
    0x080036aa   0x00000142   Code   RO         1749    i.xQueueGenericSend  queue.o
    0x080037ec   0x00000094   Code   RO         1752    i.xQueueGiveFromISR  queue.o
    0x08003880   0x00000088   Code   RO         1757    i.xQueueReceiveFromISR  queue.o
    0x08003908   0x00000074   Code   RO         1438    i.xTaskCheckForTimeOut  tasks.o
    0x0800397c   0x00000138   Code   RO         1439    i.xTaskGenericCreate  tasks.o
    0x08003ab4   0x00000020   Code   RO         1443    i.xTaskGetSchedulerState  tasks.o
    0x08003ad4   0x0000000c   Code   RO         1444    i.xTaskGetTickCount  tasks.o
    0x08003ae0   0x00000014   Code   RO         1445    i.xTaskGetTickCountFromISR  tasks.o
    0x08003af4   0x0000013c   Code   RO         1446    i.xTaskIncrementTick  tasks.o
    0x08003c30   0x000000ac   Code   RO         1449    i.xTaskPriorityDisinherit  tasks.o
    0x08003cdc   0x0000008c   Code   RO         1450    i.xTaskRemoveFromEventList  tasks.o
    0x08003d68   0x000000e8   Code   RO         1452    i.xTaskResumeAll    tasks.o
    0x08003e50   0x00000018   Data   RO         1251    .constdata          system_stm32f1xx.o
    0x08003e68   0x00000018   Data   RO         1294    .constdata          stm3210c_wkxboot.o
    0x08003e80   0x00000040   Data   RO         1924    .constdata          main.o
    0x08003ec0   0x00000094   Data   RO         1925    .conststring        main.o
    0x08003f54   0x00000020   Data   RO         2569    Region$$Table       anon$$obj.o


    Execution Region RW_IRAM1 (Base: 0x20000000, Size: 0x00002e10, Max: 0x00005000, ABSOLUTE)

    Base Addr    Size         Type   Attr      Idx    E Section Name        Object

    0x20000000   0x00000004   Data   RW          797    .data               stm32f1xx_hal.o
    0x20000004   0x00000004   Data   RW         1252    .data               system_stm32f1xx.o
    0x20000008   0x00000028   Data   RW         1295    .data               stm3210c_wkxboot.o
    0x20000030   0x00000038   Data   RW         1455    .data               tasks.o
    0x20000068   0x00000018   Data   RW         1926    .data               main.o
    0x20000080   0x00000018   Data   RW         2139    .data               heap_4.o
    0x20000098   0x0000000c   Data   RW         2191    .data               port.o
    0x200000a4   0x00000004   Data   RW         2543    .data               mc_w.l(stdout.o)
    0x200000a8   0x000000f0   Zero   RW         1454    .bss                tasks.o
    0x20000198   0x00000078   Zero   RW         1923    .bss                main.o
    0x20000210   0x00002800   Zero   RW         2138    .bss                heap_4.o
    0x20002a10   0x00000400   Zero   RW         2124    STACK               startup_stm32f103xb.o


==============================================================================

Image component sizes


      Code (inc. data)   RO Data    RW Data    ZI Data      Debug   Object Name

       380          8          0          0          0      36667   cmsis_os.o
       624         64          0         24      10240       4747   heap_4.o
       148          0          0          0          0       5442   list.o
      1050        354        212         24        120      11905   main.o
       682         86          0         12          0       9630   port.o
      1604          0          0          0          0      12461   queue.o
        36          8        236          0       1024        836   startup_stm32f103xb.o
       276         30         24         40          0      11948   stm3210c_wkxboot.o
       132         16          0          4          0       4844   stm32f1xx_hal.o
       298         22          0          0          0      26711   stm32f1xx_hal_cortex.o
      1018          4          0          0          0       3999   stm32f1xx_hal_dma.o
       796         28          0          0          0       3789   stm32f1xx_hal_gpio.o
       136         10          0          0          0       1115   stm32f1xx_hal_msp.o
      3112        100          0          0          0     421200   stm32f1xx_hal_rcc.o
      2008         18          0          0          0      13030   stm32f1xx_hal_uart.o
        64         10          0          0          0       4506   stm32f1xx_it.o
        88         18         24          4          0       1363   system_stm32f1xx.o
      2646        366          0         56        240      23229   tasks.o

    ----------------------------------------------------------------------
     15124       1142        528        164      11624     597422   Object Totals
         0          0         32          0          0          0   (incl. Generated)
        26          0          0          0          0          0   (incl. Padding)

    ----------------------------------------------------------------------

      Code (inc. data)   RO Data    RW Data    ZI Data      Debug   Library Member Name

         0          0          0          0          0          0   entry.o
         0          0          0          0          0          0   entry10a.o
         0          0          0          0          0          0   entry11a.o
         8          4          0          0          0          0   entry2.o
         4          0          0          0          0          0   entry5.o
         0          0          0          0          0          0   entry7b.o
         0          0          0          0          0          0   entry8b.o
         8          4          0          0          0          0   entry9a.o
        30          0          0          0          0          0   handlers.o
        36          8          0          0          0         68   init.o
        36          0          0          0          0         68   memcpya.o
        36          0          0          0          0        108   memseta.o
       372         14          0          0          0        184   printf1.o
         0          0          0          4          0          0   stdout.o
        14          0          0          0          0         68   strlen.o
        44          0          0          0          0         80   uidiv.o

    ----------------------------------------------------------------------
       592         30          0          4          0        576   Library Totals
         4          0          0          0          0          0   (incl. Padding)

    ----------------------------------------------------------------------

      Code (inc. data)   RO Data    RW Data    ZI Data      Debug   Library Name

       588         30          0          4          0        576   mc_w.l

    ----------------------------------------------------------------------
       592         30          0          4          0        576   Library Totals

    ----------------------------------------------------------------------

==============================================================================


      Code (inc. data)   RO Data    RW Data    ZI Data      Debug   

     15716       1172        528        168      11624     591234   Grand Totals
     15716       1172        528        168      11624     591234   ELF Image Totals
     15716       1172        528        168          0          0   ROM Totals

==============================================================================

    Total RO  Size (Code + RO Data)                16244 (  15.86kB)
    Total RW  Size (RW Data + ZI Data)             11792 (  11.52kB)
    Total ROM Size (Code + RO Data + RW Data)      16412 (  16.03kB)

==============================================================================

